Component: Arm Compiler for Embedded 6.18 Tool: armlink [5e4cc100]

==============================================================================

Section Cross References

    stm32f4xx_it.o(.ARM.exidx.text.NMI_Handler) refers to stm32f4xx_it.o(.text.NMI_Handler) for [Anonymous Symbol]
    stm32f4xx_it.o(.ARM.exidx.text.HardFault_Handler) refers to stm32f4xx_it.o(.text.HardFault_Handler) for [Anonymous Symbol]
    stm32f4xx_it.o(.ARM.exidx.text.MemManage_Handler) refers to stm32f4xx_it.o(.text.MemManage_Handler) for [Anonymous Symbol]
    stm32f4xx_it.o(.ARM.exidx.text.BusFault_Handler) refers to stm32f4xx_it.o(.text.BusFault_Handler) for [Anonymous Symbol]
    stm32f4xx_it.o(.ARM.exidx.text.UsageFault_Handler) refers to stm32f4xx_it.o(.text.UsageFault_Handler) for [Anonymous Symbol]
    stm32f4xx_it.o(.ARM.exidx.text.SVC_Handler) refers to stm32f4xx_it.o(.text.SVC_Handler) for [Anonymous Symbol]
    stm32f4xx_it.o(.ARM.exidx.text.DebugMon_Handler) refers to stm32f4xx_it.o(.text.DebugMon_Handler) for [Anonymous Symbol]
    stm32f4xx_it.o(.ARM.exidx.text.PendSV_Handler) refers to stm32f4xx_it.o(.text.PendSV_Handler) for [Anonymous Symbol]
    startup_stm32f401xe.o(STACK) refers (Special) to heapauxi.o(.text) for __use_two_region_memory
    startup_stm32f401xe.o(HEAP) refers (Special) to heapauxi.o(.text) for __use_two_region_memory
    startup_stm32f401xe.o(RESET) refers (Special) to heapauxi.o(.text) for __use_two_region_memory
    startup_stm32f401xe.o(RESET) refers to startup_stm32f401xe.o(STACK) for __initial_sp
    startup_stm32f401xe.o(RESET) refers to startup_stm32f401xe.o(.text) for Reset_Handler
    startup_stm32f401xe.o(RESET) refers to stm32f4xx_it.o(.text.NMI_Handler) for NMI_Handler
    startup_stm32f401xe.o(RESET) refers to stm32f4xx_it.o(.text.HardFault_Handler) for HardFault_Handler
    startup_stm32f401xe.o(RESET) refers to stm32f4xx_it.o(.text.MemManage_Handler) for MemManage_Handler
    startup_stm32f401xe.o(RESET) refers to stm32f4xx_it.o(.text.BusFault_Handler) for BusFault_Handler
    startup_stm32f401xe.o(RESET) refers to stm32f4xx_it.o(.text.UsageFault_Handler) for UsageFault_Handler
    startup_stm32f401xe.o(RESET) refers to stm32f4xx_it.o(.text.SVC_Handler) for SVC_Handler
    startup_stm32f401xe.o(RESET) refers to stm32f4xx_it.o(.text.DebugMon_Handler) for DebugMon_Handler
    startup_stm32f401xe.o(RESET) refers to stm32f4xx_it.o(.text.PendSV_Handler) for PendSV_Handler
    startup_stm32f401xe.o(RESET) refers to time_delays.o(.text.SysTick_Handler) for SysTick_Handler
    startup_stm32f401xe.o(.text) refers (Special) to heapauxi.o(.text) for __use_two_region_memory
    startup_stm32f401xe.o(.text) refers to system_stm32f4xx.o(.text.SystemInit) for SystemInit
    startup_stm32f401xe.o(.text) refers to __main.o(!!!main) for __main
    startup_stm32f401xe.o(.text) refers to startup_stm32f401xe.o(HEAP) for Heap_Mem
    startup_stm32f401xe.o(.text) refers to startup_stm32f401xe.o(STACK) for Stack_Mem
    system_stm32f4xx.o(.ARM.exidx.text.SystemInit) refers to system_stm32f4xx.o(.text.SystemInit) for [Anonymous Symbol]
    system_stm32f4xx.o(.text.SystemCoreClockUpdate) refers to system_stm32f4xx.o(.data.SystemCoreClock) for SystemCoreClock
    system_stm32f4xx.o(.text.SystemCoreClockUpdate) refers to system_stm32f4xx.o(.rodata.AHBPrescTable) for AHBPrescTable
    system_stm32f4xx.o(.ARM.exidx.text.SystemCoreClockUpdate) refers to system_stm32f4xx.o(.text.SystemCoreClockUpdate) for [Anonymous Symbol]
    stm32f4xx_ll_utils.o(.text.LL_Init1msTick) refers to stm32f4xx_ll_utils.o(.text.LL_InitTick) for LL_InitTick
    stm32f4xx_ll_utils.o(.ARM.exidx.text.LL_Init1msTick) refers to stm32f4xx_ll_utils.o(.text.LL_Init1msTick) for [Anonymous Symbol]
    stm32f4xx_ll_utils.o(.ARM.exidx.text.LL_InitTick) refers to stm32f4xx_ll_utils.o(.text.LL_InitTick) for [Anonymous Symbol]
    stm32f4xx_ll_utils.o(.ARM.exidx.text.LL_mDelay) refers to stm32f4xx_ll_utils.o(.text.LL_mDelay) for [Anonymous Symbol]
    stm32f4xx_ll_utils.o(.text.LL_SetSystemCoreClock) refers to system_stm32f4xx.o(.data.SystemCoreClock) for SystemCoreClock
    stm32f4xx_ll_utils.o(.ARM.exidx.text.LL_SetSystemCoreClock) refers to stm32f4xx_ll_utils.o(.text.LL_SetSystemCoreClock) for [Anonymous Symbol]
    stm32f4xx_ll_utils.o(.text.LL_PLL_ConfigSystemClock_HSI) refers to stm32f4xx_ll_utils.o(.text.UTILS_PLL_IsBusy) for UTILS_PLL_IsBusy
    stm32f4xx_ll_utils.o(.text.LL_PLL_ConfigSystemClock_HSI) refers to stm32f4xx_ll_utils.o(.text.UTILS_GetPLLOutputFrequency) for UTILS_GetPLLOutputFrequency
    stm32f4xx_ll_utils.o(.text.LL_PLL_ConfigSystemClock_HSI) refers to stm32f4xx_ll_utils.o(.text.LL_RCC_HSI_IsReady) for LL_RCC_HSI_IsReady
    stm32f4xx_ll_utils.o(.text.LL_PLL_ConfigSystemClock_HSI) refers to stm32f4xx_ll_utils.o(.text.LL_RCC_HSI_Enable) for LL_RCC_HSI_Enable
    stm32f4xx_ll_utils.o(.text.LL_PLL_ConfigSystemClock_HSI) refers to stm32f4xx_ll_utils.o(.text.LL_RCC_PLL_ConfigDomain_SYS) for LL_RCC_PLL_ConfigDomain_SYS
[...]
    [Anonymous Symbol]                       0x08001af4   Section        0  main.o(.text.LL_GPIO_SetPinMode)
    LL_GPIO_SetPinOutputType                 0x08001b71   Thumb Code    30  main.o(.text.LL_GPIO_SetPinOutputType)
    [Anonymous Symbol]                       0x08001b70   Section        0  main.o(.text.LL_GPIO_SetPinOutputType)
    LL_GPIO_SetPinPull                       0x08001b91   Thumb Code   124  lcd_display.o(.text.LL_GPIO_SetPinPull)
    [Anonymous Symbol]                       0x08001b90   Section        0  lcd_display.o(.text.LL_GPIO_SetPinPull)
    LL_GPIO_SetPinPull                       0x08001c0d   Thumb Code   124  main.o(.text.LL_GPIO_SetPinPull)
    [Anonymous Symbol]                       0x08001c0c   Section        0  main.o(.text.LL_GPIO_SetPinPull)
    LL_GPIO_SetPinSpeed                      0x08001c89   Thumb Code   124  lcd_display.o(.text.LL_GPIO_SetPinSpeed)
    [Anonymous Symbol]                       0x08001c88   Section        0  lcd_display.o(.text.LL_GPIO_SetPinSpeed)
    LL_I2C_AcknowledgeNextData               0x08001d05   Thumb Code    26  main.o(.text.LL_I2C_AcknowledgeNextData)
    [Anonymous Symbol]                       0x08001d04   Section        0  main.o(.text.LL_I2C_AcknowledgeNextData)
    LL_I2C_ClearFlag_ADDR                    0x08001d21   Thumb Code    24  main.o(.text.LL_I2C_ClearFlag_ADDR)
    [Anonymous Symbol]                       0x08001d20   Section        0  main.o(.text.LL_I2C_ClearFlag_ADDR)
    LL_I2C_ConfigSpeed                       0x08001d39   Thumb Code   320  main.o(.text.LL_I2C_ConfigSpeed)
    [Anonymous Symbol]                       0x08001d38   Section        0  main.o(.text.LL_I2C_ConfigSpeed)
    LL_I2C_Disable                           0x08001e79   Thumb Code    18  main.o(.text.LL_I2C_Disable)
    [Anonymous Symbol]                       0x08001e78   Section        0  main.o(.text.LL_I2C_Disable)
    LL_I2C_Enable                            0x08001e8d   Thumb Code    18  main.o(.text.LL_I2C_Enable)
    [Anonymous Symbol]                       0x08001e8c   Section        0  main.o(.text.LL_I2C_Enable)
    LL_I2C_GenerateStartCondition            0x08001ea1   Thumb Code    18  main.o(.text.LL_I2C_GenerateStartCondition)
    [Anonymous Symbol]                       0x08001ea0   Section        0  main.o(.text.LL_I2C_GenerateStartCondition)
    LL_I2C_GenerateStopCondition             0x08001eb5   Thumb Code    18  main.o(.text.LL_I2C_GenerateStopCondition)
    [Anonymous Symbol]                       0x08001eb4   Section        0  main.o(.text.LL_I2C_GenerateStopCondition)
    LL_I2C_IsActiveFlag_ADDR                 0x08001ec9   Thumb Code    16  main.o(.text.LL_I2C_IsActiveFlag_ADDR)
    [Anonymous Symbol]                       0x08001ec8   Section        0  main.o(.text.LL_I2C_IsActiveFlag_ADDR)
    LL_I2C_IsActiveFlag_RXNE                 0x08001ed9   Thumb Code    16  main.o(.text.LL_I2C_IsActiveFlag_RXNE)
    [Anonymous Symbol]                       0x08001ed8   Section        0  main.o(.text.LL_I2C_IsActiveFlag_RXNE)
    LL_I2C_IsActiveFlag_SB                   0x08001ee9   Thumb Code    16  main.o(.text.LL_I2C_IsActiveFlag_SB)
    [Anonymous Symbol]                       0x08001ee8   Section        0  main.o(.text.LL_I2C_IsActiveFlag_SB)
    LL_I2C_IsActiveFlag_TXE                  0x08001ef9   Thumb Code    16  main.o(.text.LL_I2C_IsActiveFlag_TXE)
    [Anonymous Symbol]                       0x08001ef8   Section        0  main.o(.text.LL_I2C_IsActiveFlag_TXE)
    LL_I2C_ReceiveData8                      0x08001f09   Thumb Code    14  main.o(.text.LL_I2C_ReceiveData8)
    [Anonymous Symbol]                       0x08001f08   Section        0  main.o(.text.LL_I2C_ReceiveData8)
    LL_I2C_SetMode                           0x08001f19   Thumb Code    26  main.o(.text.LL_I2C_SetMode)
    [Anonymous Symbol]                       0x08001f18   Section        0  main.o(.text.LL_I2C_SetMode)
    LL_I2C_TransmitData8                     0x08001f35   Thumb Code    30  main.o(.text.LL_I2C_TransmitData8)
    [Anonymous Symbol]                       0x08001f34   Section        0  main.o(.text.LL_I2C_TransmitData8)
    LL_RCC_GetSysClkSource                   0x08001f55   Thumb Code    16  clk_config.o(.text.LL_RCC_GetSysClkSource)
    [Anonymous Symbol]                       0x08001f54   Section        0  clk_config.o(.text.LL_RCC_GetSysClkSource)
    LL_RCC_HSE_Enable                        0x08001f65   Thumb Code    18  clk_config.o(.text.LL_RCC_HSE_Enable)
    [Anonymous Symbol]                       0x08001f64   Section        0  clk_config.o(.text.LL_RCC_HSE_Enable)
    LL_RCC_HSE_EnableBypass                  0x08001f79   Thumb Code    18  clk_config.o(.text.LL_RCC_HSE_EnableBypass)
    [Anonymous Symbol]                       0x08001f78   Section        0  clk_config.o(.text.LL_RCC_HSE_EnableBypass)
    LL_RCC_HSE_IsReady                       0x08001f8d   Thumb Code    16  clk_config.o(.text.LL_RCC_HSE_IsReady)
    [Anonymous Symbol]                       0x08001f8c   Section        0  clk_config.o(.text.LL_RCC_HSE_IsReady)
    LL_RCC_PLL_ConfigDomain_SYS              0x08001f9d   Thumb Code    62  clk_config.o(.text.LL_RCC_PLL_ConfigDomain_SYS)
    [Anonymous Symbol]                       0x08001f9c   Section        0  clk_config.o(.text.LL_RCC_PLL_ConfigDomain_SYS)
    LL_RCC_PLL_Enable                        0x08001fdd   Thumb Code    18  clk_config.o(.text.LL_RCC_PLL_Enable)
    [Anonymous Symbol]                       0x08001fdc   Section        0  clk_config.o(.text.LL_RCC_PLL_Enable)
    LL_RCC_PLL_IsReady                       0x08001ff1   Thumb Code    16  clk_config.o(.text.LL_RCC_PLL_IsReady)
    [Anonymous Symbol]                       0x08001ff0   Section        0  clk_config.o(.text.LL_RCC_PLL_IsReady)
    LL_RCC_SetAHBPrescaler                   0x08002001   Thumb Code    28  clk_config.o(.text.LL_RCC_SetAHBPrescaler)
    [Anonymous Symbol]                       0x08002000   Section        0  clk_config.o(.text.LL_RCC_SetAHBPrescaler)
    LL_RCC_SetAPB1Prescaler                  0x0800201d   Thumb Code    28  clk_config.o(.text.LL_RCC_SetAPB1Prescaler)
    [Anonymous Symbol]                       0x0800201c   Section        0  clk_config.o(.text.LL_RCC_SetAPB1Prescaler)
    LL_RCC_SetAPB2Prescaler                  0x08002039   Thumb Code    28  clk_config.o(.text.LL_RCC_SetAPB2Prescaler)
    [Anonymous Symbol]                       0x08002038   Section        0  clk_config.o(.text.LL_RCC_SetAPB2Prescaler)
    LL_RCC_SetSysClkSource                   0x08002055   Thumb Code    28  clk_config.o(.text.LL_RCC_SetSysClkSource)
    [Anonymous Symbol]                       0x08002054   Section        0  clk_config.o(.text.LL_RCC_SetSysClkSource)
    LL_SPI_Enable                            0x08002071   Thumb Code    18  lcd_display.o(.text.LL_SPI_Enable)
    [Anonymous Symbol]                       0x08002070   Section        0  lcd_display.o(.text.LL_SPI_Enable)
    LL_SPI_IsActiveFlag_BSY                  0x08002085   Thumb Code    16  lcd_display.o(.text.LL_SPI_IsActiveFlag_BSY)
    [Anonymous Symbol]                       0x08002084   Section        0  lcd_display.o(.text.LL_SPI_IsActiveFlag_BSY)
    LL_SPI_SetBaudRatePrescaler              0x08002095   Thumb Code    26  lcd_display.o(.text.LL_SPI_SetBaudRatePrescaler)
    [Anonymous Symbol]                       0x08002094   Section        0  lcd_display.o(.text.LL_SPI_SetBaudRatePrescaler)
    LL_SPI_SetClockPhase                     0x080020b1   Thumb Code    26  lcd_display.o(.text.LL_SPI_SetClockPhase)
    [Anonymous Symbol]                       0x080020b0   Section        0  lcd_display.o(.text.LL_SPI_SetClockPhase)
    LL_SPI_SetClockPolarity                  0x080020cd   Thumb Code    26  lcd_display.o(.text.LL_SPI_SetClockPolarity)
    [Anonymous Symbol]                       0x080020cc   Section        0  lcd_display.o(.text.LL_SPI_SetClockPolarity)
    LL_SPI_SetDataWidth                      0x080020e9   Thumb Code    26  lcd_display.o(.text.LL_SPI_SetDataWidth)
    [Anonymous Symbol]                       0x080020e8   Section        0  lcd_display.o(.text.LL_SPI_SetDataWidth)
    LL_SPI_SetMode                           0x08002105   Thumb Code    26  lcd_display.o(.text.LL_SPI_SetMode)
    [Anonymous Symbol]                       0x08002104   Section        0  lcd_display.o(.text.LL_SPI_SetMode)
    LL_SPI_SetNSSMode                        0x08002121   Thumb Code    44  lcd_display.o(.text.LL_SPI_SetNSSMode)
    [Anonymous Symbol]                       0x08002120   Section        0  lcd_display.o(.text.LL_SPI_SetNSSMode)
    LL_SPI_SetTransferDirection              0x0800214d   Thumb Code    26  lcd_display.o(.text.LL_SPI_SetTransferDirection)
    [Anonymous Symbol]                       0x0800214c   Section        0  lcd_display.o(.text.LL_SPI_SetTransferDirection)
    LL_SPI_TransmitData8                     0x08002169   Thumb Code    20  lcd_display.o(.text.LL_SPI_TransmitData8)
    [Anonymous Symbol]                       0x08002168   Section        0  lcd_display.o(.text.LL_SPI_TransmitData8)
    [Anonymous Symbol]                       0x0800217c   Section        0  stm32f4xx_ll_utils.o(.text.LL_mDelay)
    [Anonymous Symbol]                       0x080021c8   Section        0  stm32f4xx_it.o(.text.MemManage_Handler)
    [Anonymous Symbol]                       0x080021cc   Section        0  stm32f4xx_it.o(.text.NMI_Handler)
    [Anonymous Symbol]                       0x080021d0   Section        0  stm32f4xx_it.o(.text.PendSV_Handler)
    [Anonymous Symbol]                       0x080021d4   Section        0  lcd_display.o(.text.Reset_Display_Pin)
    [Anonymous Symbol]                       0x08002204   Section        0  stm32f4xx_it.o(.text.SVC_Handler)
    [Anonymous Symbol]                       0x08002208   Section        0  lcd_display.o(.text.Send_SPI_Byte)
    SysTick_Config                           0x08002239   Thumb Code    82  time_delays.o(.text.SysTick_Config)
    [Anonymous Symbol]                       0x08002238   Section        0  time_delays.o(.text.SysTick_Config)
    [Anonymous Symbol]                       0x0800228c   Section        0  time_delays.o(.text.SysTick_Config_MCE2)
    [Anonymous Symbol]                       0x080022c4   Section        0  time_delays.o(.text.SysTick_Handler)
    [Anonymous Symbol]                       0x080022d4   Section        0  clk_config.o(.text.SystemClock_Config)
    [Anonymous Symbol]                       0x08002358   Section        0  system_stm32f4xx.o(.text.SystemInit)
    [Anonymous Symbol]                       0x080023c8   Section        0  stm32f4xx_it.o(.text.UsageFault_Handler)
    [Anonymous Symbol]                       0x080023cc   Section        0  lcd_display.o(.text.Write_Command_To_LCD)
    [Anonymous Symbol]                       0x080023f4   Section        0  lcd_display.o(.text.Write_Data_To_LCD)
    __NVIC_SetPriority                       0x0800241d   Thumb Code    66  time_delays.o(.text.__NVIC_SetPriority)
    [Anonymous Symbol]                       0x0800241c   Section        0  time_delays.o(.text.__NVIC_SetPriority)
    [Anonymous Symbol]                       0x08002460   Section        0  main.o(.text.accelerometer_config)
    [Anonymous Symbol]                       0x08002504   Section        0  main.o(.text.accelerometer_read)
    [Anonymous Symbol]                       0x08002608   Section        0  lcd_display.o(.text.character)
    [Anonymous Symbol]                       0x08002774   Section        0  main.o(.text.checksum_calculate)
    [Anonymous Symbol]                       0x08002848   Section        0  main.o(.text.eeprom_ack_polling)
    [Anonymous Symbol]                       0x080028cc   Section        0  main.o(.text.eeprom_read)
    [Anonymous Symbol]                       0x08002a24   Section        0  main.o(.text.eeprom_write)
    [Anonymous Symbol]                       0x08002b7c   Section        0  main.o(.text.gpio_config)
    [Anonymous Symbol]                       0x08002b94   Section        0  main.o(.text.gui_update)
    [Anonymous Symbol]                       0x08002e38   Section        0  lcd_display.o(.text.height)
    [Anonymous Symbol]                       0x08002e6c   Section        0  main.o(.text.i2c_1_config)
    [Anonymous Symbol]                       0x08002f04   Section        0  main.o(.text.joystick_centre)
    [Anonymous Symbol]                       0x08002f18   Section        0  main.o(.text.joystick_config)
    [Anonymous Symbol]                       0x08002fa4   Section        0  main.o(.text.joystick_down)
    [Anonymous Symbol]                       0x08002fb8   Section        0  main.o(.text.joystick_left)
    [Anonymous Symbol]                       0x08002fcc   Section        0  main.o(.text.joystick_right)
    [Anonymous Symbol]                       0x08002fe0   Section        0  main.o(.text.joystick_up)
    [Anonymous Symbol]                       0x08002ff4   Section        0  main.o(.text.lcd_config)
    [Anonymous Symbol]                       0x08003018   Section        0  lcd_display.o(.text.locate)
    [Anonymous Symbol]                       0x0800303c   Section        0  main.o(.text.main)
    [Anonymous Symbol]                       0x08003798   Section        0  lcd_display.o(.text.pixel)
    [Anonymous Symbol]                       0x08003830   Section        0  lcd_display.o(.text.put_char)
    [Anonymous Symbol]                       0x080038b8   Section        0  lcd_display.o(.text.put_string)
    [Anonymous Symbol]                       0x0800391c   Section        0  lcd_display.o(.text.set_font)
    [Anonymous Symbol]                       0x08003930   Section        0  main.o(.text.system_config)
    [Anonymous Symbol]                       0x08003940   Section        0  lcd_display.o(.text.width)
    CL$$btod_d2e                             0x08003972   Section       62  btod.o(CL$$btod_d2e)
    CL$$btod_d2e_denorm_low                  0x080039b0   Section       70  btod.o(CL$$btod_d2e_denorm_low)
    CL$$btod_d2e_norm_op1                    0x080039f6   Section       96  btod.o(CL$$btod_d2e_norm_op1)
    CL$$btod_div_common                      0x08003a58   Section      824  btod.o(CL$$btod_div_common)
    CL$$btod_e2e                             0x08003d90   Section      220  btod.o(CL$$btod_e2e)
    CL$$btod_ediv                            0x08003e6c   Section       42  btod.o(CL$$btod_ediv)
    CL$$btod_emul                            0x08003e96   Section       42  btod.o(CL$$btod_emul)
    CL$$btod_mult_common                     0x08003ec0   Section      580  btod.o(CL$$btod_mult_common)
    i.__ARM_fpclassify                       0x08004104   Section        0  fpclassify.o(i.__ARM_fpclassify)
    i._is_digit                              0x08004134   Section        0  __printf_wp.o(i._is_digit)
    locale$$code                             0x08004144   Section       44  lc_numeric_c.o(locale$$code)
    locale$$code                             0x08004170   Section       44  lc_ctype_c.o(locale$$code)
    $v0                                      0x0800419c   Number         0  fpinit.o(x$fpl$fpinit)
    x$fpl$fpinit                             0x0800419c   Section       26  fpinit.o(x$fpl$fpinit)
    $v0                                      0x080041b6   Number         0  printf1.o(x$fpl$printf1)
    x$fpl$printf1                            0x080041b6   Section        4  printf1.o(x$fpl$printf1)
    $v0                                      0x080041ba   Number         0  printf2.o(x$fpl$printf2)
    x$fpl$printf2                            0x080041ba   Section        4  printf2.o(x$fpl$printf2)
    x$fpl$usenofp                            0x080041be   Section        0  usenofp.o(x$fpl$usenofp)
    initial_mbstate                          0x080041c0   Data           8  _printf_wctomb.o(.constdata)
    .constdata                               0x080041c0   Section        8  _printf_wctomb.o(.constdata)
    uc_hextab                                0x080041c8   Data          20  _printf_hex_int_ll_ptr.o(.constdata)
    .constdata                               0x080041c8   Section       40  _printf_hex_int_ll_ptr.o(.constdata)
    lc_hextab                                0x080041dc   Data          20  _printf_hex_int_ll_ptr.o(.constdata)
    maptable                                 0x080041f0   Data          17  __printf_flags_ss_wp.o(.constdata)
    .constdata                               0x080041f0   Section       17  __printf_flags_ss_wp.o(.constdata)
    lc_hextab                                0x08004201   Data          19  _printf_fp_hex.o(.constdata)
    .constdata                               0x08004201   Section       38  _printf_fp_hex.o(.constdata)
    uc_hextab                                0x08004214   Data          19  _printf_fp_hex.o(.constdata)
    tenpwrs_x                                0x08004228   Data          60  bigflt0.o(.constdata)
    .constdata                               0x08004228   Section      148  bigflt0.o(.constdata)
    tenpwrs_i                                0x08004264   Data          64  bigflt0.o(.constdata)
    .L.str.8                                 0x08004b60   Data          14  main.o(.rodata.str1.1)
    [Anonymous Symbol]                       0x08004b60   Section        0  main.o(.rodata.str1.1)
    .L.str.7                                 0x08004b6e   Data          13  main.o(.rodata.str1.1)
    .L.str.2                                 0x08004b7b   Data           8  main.o(.rodata.str1.1)
    .L.str.4                                 0x08004b83   Data          10  main.o(.rodata.str1.1)
    .L.str.3                                 0x08004b8d   Data           8  main.o(.rodata.str1.1)
    .L.str.6                                 0x08004b95   Data          10  main.o(.rodata.str1.1)
    .L.str                                   0x08004b9f   Data          13  main.o(.rodata.str1.1)
    .L.str.10                                0x08004bac   Data           8  main.o(.rodata.str1.1)
    .L.str.12                                0x08004bb4   Data           9  main.o(.rodata.str1.1)
    .L.str.11                                0x08004bbd   Data           8  main.o(.rodata.str1.1)
    .L.str.13                                0x08004bc5   Data          15  main.o(.rodata.str1.1)
    .L.str.9                                 0x08004bd4   Data           8  main.o(.rodata.str1.1)
    .L.str.5                                 0x08004bdc   Data          17  main.o(.rodata.str1.1)
    .L.str.1                                 0x08004bed   Data           5  main.o(.rodata.str1.1)
    locale$$data                             0x08004c14   Section       28  lc_numeric_c.o(locale$$data)
    __lcnum_c_name                           0x08004c18   Data           2  lc_numeric_c.o(locale$$data)
    __lcnum_c_start                          0x08004c20   Data           0  lc_numeric_c.o(locale$$data)
    __lcnum_c_point                          0x08004c2c   Data           0  lc_numeric_c.o(locale$$data)
    __lcnum_c_thousands                      0x08004c2e   Data           0  lc_numeric_c.o(locale$$data)
    __lcnum_c_grouping                       0x08004c2f   Data           0  lc_numeric_c.o(locale$$data)
    __lcnum_c_end                            0x08004c30   Data           0  lc_numeric_c.o(locale$$data)
    locale$$data                             0x08004c30   Section      272  lc_ctype_c.o(locale$$data)
    __lcctype_c_name                         0x08004c34   Data           2  lc_ctype_c.o(locale$$data)
    __lcctype_c_start                        0x08004c3c   Data           0  lc_ctype_c.o(locale$$data)
    __lcctype_c_end                          0x08004d40   Data           0  lc_ctype_c.o(locale$$data)
    .bss                                     0x20000008   Section       96  libspace.o(.bss)
    ticks                                    0x20000278   Data           4  time_delays.o(.bss.ticks)
    [Anonymous Symbol]                       0x20000278   Section        0  time_delays.o(.bss.ticks)
    Heap_Mem                                 0x20000280   Data         512  startup_stm32f401xe.o(HEAP)
    HEAP                                     0x20000280   Section      512  startup_stm32f401xe.o(HEAP)
    Stack_Mem                                0x20000480   Data        1024  startup_stm32f401xe.o(STACK)
    STACK                                    0x20000480   Section     1024  startup_stm32f401xe.o(STACK)
    __initial_sp                             0x20000880   Data           0  startup_stm32f401xe.o(STACK)

    Global Symbols

    Symbol Name                              Value     Ov Type        Size  Object(Section)

    BuildAttributes$$THM_ISAv4$E$P$D$K$B$S$7EM$VFPi3$EXTD16$VFPS$VFMA$PE$A:L22UL41UL21$X:L11$S22US41US21$IEEE1$IW$~IW$USESV6$~STKCKD$USESV7$~SHL$OTIME$ROPI$IEEEJ$EBA8$UX$STANDARDLIB$REQ8$PRES8$EABIv2 0x00000000   Number         0  anon$$obj.o ABSOLUTE
    _printf_flags                            0x00000000   Number         0  printf_stubs.o ABSOLUTE
    _printf_return_value                     0x00000000   Number         0  printf_stubs.o ABSOLUTE
    _printf_sizespec                         0x00000000   Number         0  printf_stubs.o ABSOLUTE
    _printf_widthprec                        0x00000000   Number         0  printf_stubs.o ABSOLUTE
    __ARM_exceptions_init                     - Undefined Weak Reference
    __alloca_initialize                       - Undefined Weak Reference
    __arm_preinit_                            - Undefined Weak Reference
    __arm_relocate_pie_                       - Undefined Weak Reference
    __cpp_initialize__aeabi_                  - Undefined Weak Reference
    __cxa_finalize                            - Undefined Weak Reference
    __sigvec_lookup                           - Undefined Weak Reference
    _atexit_init                              - Undefined Weak Reference
    _call_atexit_fns                          - Undefined Weak Reference
    _clock_init                               - Undefined Weak Reference
    _fp_trap_init                             - Undefined Weak Reference
    _fp_trap_shutdown                         - Undefined Weak Reference
    _get_lc_collate                           - Undefined Weak Reference
    _get_lc_monetary                          - Undefined Weak Reference
    _get_lc_time                              - Undefined Weak Reference
    _getenv_init                              - Undefined Weak Reference
    _handle_redirection                       - Undefined Weak Reference
    _init_alloc                               - Undefined Weak Reference
    _init_user_alloc                          - Undefined Weak Reference
    _initio                                   - Undefined Weak Reference
    _printf_mbtowc                            - Undefined Weak Reference
    _printf_wc                                - Undefined Weak Reference
    _rand_init                                - Undefined Weak Reference
    _signal_finish                            - Undefined Weak Reference
    _signal_init                              - Undefined Weak Reference
    _terminate_alloc                          - Undefined Weak Reference
    _terminate_user_alloc                     - Undefined Weak Reference
    _terminateio                              - Undefined Weak Reference
    __Vectors_Size                           0x00000194   Number         0  startup_stm32f401xe.o ABSOLUTE
    __Vectors                                0x08000000   Data           4  startup_stm32f401xe.o(RESET)
    __Vectors_End                            0x08000194   Data           0  startup_stm32f401xe.o(RESET)
    __main                                   0x08000195   Thumb Code     8  __main.o(!!!main)
    __scatterload                            0x0800019d   Thumb Code     0  __scatter.o(!!!scatter)
    __scatterload_rt2                        0x0800019d   Thumb Code    44  __scatter.o(!!!scatter)
    __scatterload_rt2_thumb_only             0x0800019d   Thumb Code     0  __scatter.o(!!!scatter)
    __scatterload_null                       0x080001ab   Thumb Code     0  __scatter.o(!!!scatter)
    __scatterload_copy                       0x080001d1   Thumb Code    26  __scatter_copy.o(!!handler_copy)
    __scatterload_zeroinit                   0x080001ed   Thumb Code    28  __scatter_zi.o(!!handler_zi)
    _printf_n                                0x08000209   Thumb Code     0  _printf_n.o(.ARM.Collect$$_printf_percent$$00000001)
    _printf_percent                          0x08000209   Thumb Code     0  _printf_percent.o(.ARM.Collect$$_printf_percent$$00000000)
    _printf_p                                0x0800020f   Thumb Code     0  _printf_p.o(.ARM.Collect$$_printf_percent$$00000002)
    _printf_f                                0x08000215   Thumb Code     0  _printf_f.o(.ARM.Collect$$_printf_percent$$00000003)
    _printf_e                                0x0800021b   Thumb Code     0  _printf_e.o(.ARM.Collect$$_printf_percent$$00000004)
    _printf_g                                0x08000221   Thumb Code     0  _printf_g.o(.ARM.Collect$$_printf_percent$$00000005)
    _printf_a                                0x08000227   Thumb Code     0  _printf_a.o(.ARM.Collect$$_printf_percent$$00000006)
    _printf_ll                               0x0800022d   Thumb Code     0  _printf_ll.o(.ARM.Collect$$_printf_percent$$00000007)
    _printf_i                                0x08000237   Thumb Code     0  _printf_i.o(.ARM.Collect$$_printf_percent$$00000008)
    _printf_d                                0x0800023d   Thumb Code     0  _printf_d.o(.ARM.Collect$$_printf_percent$$00000009)
    _printf_u                                0x08000243   Thumb Code     0  _printf_u.o(.ARM.Collect$$_printf_percent$$0000000A)
    _printf_o                                0x08000249   Thumb Code     0  _printf_o.o(.ARM.Collect$$_printf_percent$$0000000B)
    _printf_x                                0x0800024f   Thumb Code     0  _printf_x.o(.ARM.Collect$$_printf_percent$$0000000C)
    _printf_lli                              0x08000255   Thumb Code     0  _printf_lli.o(.ARM.Collect$$_printf_percent$$0000000D)
    _printf_lld                              0x0800025b   Thumb Code     0  _printf_lld.o(.ARM.Collect$$_printf_percent$$0000000E)
    _printf_llu                              0x08000261   Thumb Code     0  _printf_llu.o(.ARM.Collect$$_printf_percent$$0000000F)
    _printf_llo                              0x08000267   Thumb Code     0  _printf_llo.o(.ARM.Collect$$_printf_percent$$00000010)
    _printf_llx                              0x0800026d   Thumb Code     0  _printf_llx.o(.ARM.Collect$$_printf_percent$$00000011)
    _printf_l                                0x08000273   Thumb Code     0  _printf_l.o(.ARM.Collect$$_printf_percent$$00000012)
    _printf_c                                0x0800027d   Thumb Code     0  _printf_c.o(.ARM.Collect$$_printf_percent$$00000013)
    _printf_s                                0x08000283   Thumb Code     0  _printf_s.o(.ARM.Collect$$_printf_percent$$00000014)
    _printf_lc                               0x08000289   Thumb Code     0  _printf_lc.o(.ARM.Collect$$_printf_percent$$00000015)
    _printf_ls                               0x0800028f   Thumb Code     0  _printf_ls.o(.ARM.Collect$$_printf_percent$$00000016)
    _printf_percent_end                      0x08000295   Thumb Code     0  _printf_percent_end.o(.ARM.Collect$$_printf_percent$$00000017)
    __rt_lib_init                            0x08000299   Thumb Code     0  libinit.o(.ARM.Collect$$libinit$$00000000)
    __rt_lib_init_fp_1                       0x0800029b   Thumb Code     0  libinit2.o(.ARM.Collect$$libinit$$00000001)
    __rt_lib_init_heap_1                     0x0800029f   Thumb Code     0  libinit2.o(.ARM.Collect$$libinit$$0000000C)
    __rt_lib_init_lc_common                  0x0800029f   Thumb Code     0  libinit2.o(.ARM.Collect$$libinit$$00000011)
    __rt_lib_init_preinit_1                  0x0800029f   Thumb Code     0  libinit2.o(.ARM.Collect$$libinit$$00000006)
    __rt_lib_init_rand_1                     0x0800029f   Thumb Code     0  libinit2.o(.ARM.Collect$$libinit$$00000010)
    __rt_lib_init_relocate_pie_1             0x0800029f   Thumb Code     0  libinit2.o(.ARM.Collect$$libinit$$00000004)
    __rt_lib_init_user_alloc_1               0x0800029f   Thumb Code     0  libinit2.o(.ARM.Collect$$libinit$$0000000E)
    __rt_lib_init_lc_collate_1               0x080002a5   Thumb Code     0  libinit2.o(.ARM.Collect$$libinit$$00000013)
    __rt_lib_init_lc_ctype_2                 0x080002a5   Thumb Code     0  libinit2.o(.ARM.Collect$$libinit$$00000014)
    __rt_lib_init_lc_ctype_1                 0x080002b1   Thumb Code     0  libinit2.o(.ARM.Collect$$libinit$$00000015)
    __rt_lib_init_lc_monetary_1              0x080002b1   Thumb Code     0  libinit2.o(.ARM.Collect$$libinit$$00000017)
    __rt_lib_init_lc_numeric_2               0x080002b1   Thumb Code     0  libinit2.o(.ARM.Collect$$libinit$$00000018)
    __rt_lib_init_alloca_1                   0x080002bb   Thumb Code     0  libinit2.o(.ARM.Collect$$libinit$$00000030)
    __rt_lib_init_argv_1                     0x080002bb   Thumb Code     0  libinit2.o(.ARM.Collect$$libinit$$0000002E)
    __rt_lib_init_atexit_1                   0x080002bb   Thumb Code     0  libinit2.o(.ARM.Collect$$libinit$$0000001D)
    __rt_lib_init_clock_1                    0x080002bb   Thumb Code     0  libinit2.o(.ARM.Collect$$libinit$$00000023)
    __rt_lib_init_cpp_1                      0x080002bb   Thumb Code     0  libinit2.o(.ARM.Collect$$libinit$$00000034)
    __rt_lib_init_exceptions_1               0x080002bb   Thumb Code     0  libinit2.o(.ARM.Collect$$libinit$$00000032)
    __rt_lib_init_fp_trap_1                  0x080002bb   Thumb Code     0  libinit2.o(.ARM.Collect$$libinit$$00000021)
    __rt_lib_init_getenv_1                   0x080002bb   Thumb Code     0  libinit2.o(.ARM.Collect$$libinit$$00000025)
    __rt_lib_init_lc_numeric_1               0x080002bb   Thumb Code     0  libinit2.o(.ARM.Collect$$libinit$$00000019)
    __rt_lib_init_lc_time_1                  0x080002bb   Thumb Code     0  libinit2.o(.ARM.Collect$$libinit$$0000001B)
    __rt_lib_init_return                     0x080002bb   Thumb Code     0  libinit2.o(.ARM.Collect$$libinit$$00000035)
    __rt_lib_init_signal_1                   0x080002bb   Thumb Code     0  libinit2.o(.ARM.Collect$$libinit$$0000001F)
    __rt_lib_init_stdio_1                    0x080002bb   Thumb Code     0  libinit2.o(.ARM.Collect$$libinit$$00000027)
    __rt_lib_shutdown                        0x080002bd   Thumb Code     0  libshutdown.o(.ARM.Collect$$libshutdown$$00000000)
    __rt_lib_shutdown_cpp_1                  0x080002bf   Thumb Code     0  libshutdown2.o(.ARM.Collect$$libshutdown$$00000002)
    __rt_lib_shutdown_fp_trap_1              0x080002bf   Thumb Code     0  libshutdown2.o(.ARM.Collect$$libshutdown$$00000007)
    __rt_lib_shutdown_heap_1                 0x080002bf   Thumb Code     0  libshutdown2.o(.ARM.Collect$$libshutdown$$0000000F)
    __rt_lib_shutdown_return                 0x080002bf   Thumb Code     0  libshutdown2.o(.ARM.Collect$$libshutdown$$00000010)
    __rt_lib_shutdown_signal_1               0x080002bf   Thumb Code     0  libshutdown2.o(.ARM.Collect$$libshutdown$$0000000A)
    __rt_lib_shutdown_stdio_1                0x080002bf   Thumb Code     0  libshutdown2.o(.ARM.Collect$$libshutdown$$00000004)
    __rt_lib_shutdown_user_alloc_1           0x080002bf   Thumb Code     0  libshutdown2.o(.ARM.Collect$$libshutdown$$0000000C)
    __rt_entry                               0x080002c1   Thumb Code     0  __rtentry.o(.ARM.Collect$$rtentry$$00000000)
    __rt_entry_presh_1                       0x080002c1   Thumb Code     0  __rtentry2.o(.ARM.Collect$$rtentry$$00000002)
    __rt_entry_sh                            0x080002c1   Thumb Code     0  __rtentry4.o(.ARM.Collect$$rtentry$$00000004)
    __rt_entry_li                            0x080002c7   Thumb Code     0  __rtentry2.o(.ARM.Collect$$rtentry$$0000000A)
    __rt_entry_postsh_1                      0x080002c7   Thumb Code     0  __rtentry2.o(.ARM.Collect$$rtentry$$00000009)
    __rt_entry_main                          0x080002cb   Thumb Code     0  __rtentry2.o(.ARM.Collect$$rtentry$$0000000D)
    __rt_entry_postli_1                      0x080002cb   Thumb Code     0  __rtentry2.o(.ARM.Collect$$rtentry$$0000000C)
    __rt_exit                                0x080002d3   Thumb Code     0  rtexit.o(.ARM.Collect$$rtexit$$00000000)
    __rt_exit_ls                             0x080002d5   Thumb Code     0  rtexit2.o(.ARM.Collect$$rtexit$$00000003)
    __rt_exit_prels_1                        0x080002d5   Thumb Code     0  rtexit2.o(.ARM.Collect$$rtexit$$00000002)
    __rt_exit_exit                           0x080002d9   Thumb Code     0  rtexit2.o(.ARM.Collect$$rtexit$$00000004)
    Reset_Handler                            0x080002e1   Thumb Code     8  startup_stm32f401xe.o(.text)
    ADC_IRQHandler                           0x080002fb   Thumb Code     0  startup_stm32f401xe.o(.text)
    DMA1_Stream0_IRQHandler                  0x080002fb   Thumb Code     0  startup_stm32f401xe.o(.text)
    DMA1_Stream1_IRQHandler                  0x080002fb   Thumb Code     0  startup_stm32f401xe.o(.text)
    DMA1_Stream2_IRQHandler                  0x080002fb   Thumb Code     0  startup_stm32f401xe.o(.text)
    DMA1_Stream3_IRQHandler                  0x080002fb   Thumb Code     0  startup_stm32f401xe.o(.text)
    DMA1_Stream4_IRQHandler                  0x080002fb   Thumb Code     0  startup_stm32f401xe.o(.text)
    DMA1_Stream5_IRQHandler                  0x080002fb   Thumb Code     0  startup_stm32f401xe.o(.text)
    DMA1_Stream6_IRQHandler                  0x080002fb   Thumb Code     0  startup_stm32f401xe.o(.text)
    DMA1_Stream7_IRQHandler                  0x080002fb   Thumb Code     0  startup_stm32f401xe.o(.text)
    DMA2_Stream0_IRQHandler                  0x080002fb   Thumb Code     0  startup_stm32f401xe.o(.text)
    DMA2_Stream1_IRQHandler                  0x080002fb   Thumb Code     0  startup_stm32f401xe.o(.text)
    DMA2_Stream2_IRQHandler                  0x080002fb   Thumb Code     0  startup_stm32f401xe.o(.text)
    DMA2_Stream3_IRQHandler                  0x080002fb   Thumb Code     0  startup_stm32f401xe.o(.text)
    DMA2_Stream4_IRQHandler                  0x080002fb   Thumb Code     0  startup_stm32f401xe.o(.text)
    DMA2_Stream5_IRQHandler                  0x080002fb   Thumb Code     0  startup_stm32f401xe.o(.text)
    DMA2_Stream6_IRQHandler                  0x080002fb   Thumb Code     0  startup_stm32f401xe.o(.text)
    DMA2_Stream7_IRQHandler                  0x080002fb   Thumb Code     0  startup_stm32f401xe.o(.text)
    EXTI0_IRQHandler                         0x080002fb   Thumb Code     0  startup_stm32f401xe.o(.text)
    EXTI15_10_IRQHandler                     0x080002fb   Thumb Code     0  startup_stm32f401xe.o(.text)
    EXTI1_IRQHandler                         0x080002fb   Thumb Code     0  startup_stm32f401xe.o(.text)
    EXTI2_IRQHandler                         0x080002fb   Thumb Code     0  startup_stm32f401xe.o(.text)
    EXTI3_IRQHandler                         0x080002fb   Thumb Code     0  startup_stm32f401xe.o(.text)
    EXTI4_IRQHandler                         0x080002fb   Thumb Code     0  startup_stm32f401xe.o(.text)
    EXTI9_5_IRQHandler                       0x080002fb   Thumb Code     0  startup_stm32f401xe.o(.text)
    FLASH_IRQHandler                         0x080002fb   Thumb Code     0  startup_stm32f401xe.o(.text)
    FPU_IRQHandler                           0x080002fb   Thumb Code     0  startup_stm32f401xe.o(.text)
    I2C1_ER_IRQHandler                       0x080002fb   Thumb Code     0  startup_stm32f401xe.o(.text)
    I2C1_EV_IRQHandler                       0x080002fb   Thumb Code     0  startup_stm32f401xe.o(.text)
    I2C2_ER_IRQHandler                       0x080002fb   Thumb Code     0  startup_stm32f401xe.o(.text)
    I2C2_EV_IRQHandler                       0x080002fb   Thumb Code     0  startup_stm32f401xe.o(.text)
    I2C3_ER_IRQHandler                       0x080002fb   Thumb Code     0  startup_stm32f401xe.o(.text)
    I2C3_EV_IRQHandler                       0x080002fb   Thumb Code     0  startup_stm32f401xe.o(.text)
    OTG_FS_IRQHandler                        0x080002fb   Thumb Code     0  startup_stm32f401xe.o(.text)
    OTG_FS_WKUP_IRQHandler                   0x080002fb   Thumb Code     0  startup_stm32f401xe.o(.text)
    PVD_IRQHandler                           0x080002fb   Thumb Code     0  startup_stm32f401xe.o(.text)
    RCC_IRQHandler                           0x080002fb   Thumb Code     0  startup_stm32f401xe.o(.text)
    RTC_Alarm_IRQHandler                     0x080002fb   Thumb Code     0  startup_stm32f401xe.o(.text)
    RTC_WKUP_IRQHandler                      0x080002fb   Thumb Code     0  startup_stm32f401xe.o(.text)
    SDIO_IRQHandler                          0x080002fb   Thumb Code     0  startup_stm32f401xe.o(.text)
    SPI1_IRQHandler                          0x080002fb   Thumb Code     0  startup_stm32f401xe.o(.text)
    SPI2_IRQHandler                          0x080002fb   Thumb Code     0  startup_stm32f401xe.o(.text)
    SPI3_IRQHandler                          0x080002fb   Thumb Code     0  startup_stm32f401xe.o(.text)
    SPI4_IRQHandler                          0x080002fb   Thumb Code     0  startup_stm32f401xe.o(.text)
    TAMP_STAMP_IRQHandler                    0x080002fb   Thumb Code     0  startup_stm32f401xe.o(.text)
    TIM1_BRK_TIM9_IRQHandler                 0x080002fb   Thumb Code     0  startup_stm32f401xe.o(.text)
    TIM1_CC_IRQHandler                       0x080002fb   Thumb Code     0  startup_stm32f401xe.o(.text)
    TIM1_TRG_COM_TIM11_IRQHandler            0x080002fb   Thumb Code     0  startup_stm32f401xe.o(.text)
    TIM1_UP_TIM10_IRQHandler                 0x080002fb   Thumb Code     0  startup_stm32f401xe.o(.text)
    TIM2_IRQHandler                          0x080002fb   Thumb Code     0  startup_stm32f401xe.o(.text)
    TIM3_IRQHandler                          0x080002fb   Thumb Code     0  startup_stm32f401xe.o(.text)
    TIM4_IRQHandler                          0x080002fb   Thumb Code     0  startup_stm32f401xe.o(.text)
    TIM5_IRQHandler                          0x080002fb   Thumb Code     0  startup_stm32f401xe.o(.text)
    USART1_IRQHandler                        0x080002fb   Thumb Code     0  startup_stm32f401xe.o(.text)
    USART2_IRQHandler                        0x080002fb   Thumb Code     0  startup_stm32f401xe.o(.text)
    USART6_IRQHandler                        0x080002fb   Thumb Code     0  startup_stm32f401xe.o(.text)
    WWDG_IRQHandler                          0x080002fb   Thumb Code     0  startup_stm32f401xe.o(.text)
    __user_initial_stackheap                 0x080002fd   Thumb Code     0  startup_stm32f401xe.o(.text)
    sprintf                                  0x08000321   Thumb Code    38  sprintf.o(.text)
    strlen                                   0x0800034d   Thumb Code    62  strlen.o(.text)
    __aeabi_memclr                           0x0800038b   Thumb Code     0  rt_memclr.o(.text)
    __rt_memclr                              0x0800038b   Thumb Code     0  rt_memclr.o(.text)
    _memset                                  0x0800038f   Thumb Code    64  rt_memclr.o(.text)
    __aeabi_memclr4                          0x080003cf   Thumb Code     0  rt_memclr_w.o(.text)
    __aeabi_memclr8                          0x080003cf   Thumb Code     0  rt_memclr_w.o(.text)
    __rt_memclr_w                            0x080003cf   Thumb Code     0  rt_memclr_w.o(.text)
    _memset_w                                0x080003d3   Thumb Code    74  rt_memclr_w.o(.text)
    __use_two_region_memory                  0x0800041d   Thumb Code     2  heapauxi.o(.text)
    __rt_heap_escrow$2region                 0x0800041f   Thumb Code     2  heapauxi.o(.text)
    __rt_heap_expand$2region                 0x08000421   Thumb Code     2  heapauxi.o(.text)
    _printf_pre_padding                      0x08000423   Thumb Code    44  _printf_pad.o(.text)
    _printf_post_padding                     0x0800044f   Thumb Code    34  _printf_pad.o(.text)
    _printf_truncate_signed                  0x08000471   Thumb Code    18  _printf_truncate.o(.text)
    _printf_truncate_unsigned                0x08000483   Thumb Code    18  _printf_truncate.o(.text)
    _printf_str                              0x08000495   Thumb Code    82  _printf_str.o(.text)
    _printf_int_dec                          0x080004e9   Thumb Code   104  _printf_dec.o(.text)
    _printf_charcount                        0x08000561   Thumb Code    40  _printf_charcount.o(.text)
    _printf_char_common                      0x08000593   Thumb Code    32  _printf_char_common.o(.text)
    _sputc                                   0x080005b9   Thumb Code    10  _sputc.o(.text)
    _printf_wctomb                           0x080005c5   Thumb Code   182  _printf_wctomb.o(.text)
    _printf_longlong_dec                     0x08000681   Thumb Code   108  _printf_longlong_dec.o(.text)
    _printf_longlong_oct                     0x080006fd   Thumb Code    68  _printf_oct_int_ll.o(.text)
    _printf_int_oct                          0x08000741   Thumb Code    24  _printf_oct_int_ll.o(.text)
    _printf_ll_oct                           0x08000759   Thumb Code    12  _printf_oct_int_ll.o(.text)
    _printf_longlong_hex                     0x0800076d   Thumb Code    86  _printf_hex_int_ll_ptr.o(.text)
    _printf_int_hex                          0x080007c3   Thumb Code    28  _printf_hex_int_ll_ptr.o(.text)
    _printf_ll_hex                           0x080007df   Thumb Code    12  _printf_hex_int_ll_ptr.o(.text)
    _printf_hex_ptr                          0x080007eb   Thumb Code    18  _printf_hex_int_ll_ptr.o(.text)
    __printf                                 0x08000801   Thumb Code   388  __printf_flags_ss_wp.o(.text)
    _ll_udiv10                               0x08000989   Thumb Code   138  lludiv10.o(.text)
    _printf_int_common                       0x08000a13   Thumb Code   178  _printf_intcommon.o(.text)
    _printf_fp_dec_real                      0x08000c75   Thumb Code   620  _printf_fp_dec.o(.text)
    _printf_fp_hex_real                      0x08000ee1   Thumb Code   756  _printf_fp_hex.o(.text)
    _printf_cs_common                        0x080011dd   Thumb Code    20  _printf_char.o(.text)
    _printf_char                             0x080011f1   Thumb Code    16  _printf_char.o(.text)
    _printf_string                           0x08001201   Thumb Code     8  _printf_char.o(.text)
    _printf_lcs_common                       0x08001209   Thumb Code    20  _printf_wchar.o(.text)
    _printf_wchar                            0x0800121d   Thumb Code    16  _printf_wchar.o(.text)
    _printf_wstring                          0x0800122d   Thumb Code     8  _printf_wchar.o(.text)
    _c16rtomb                                0x08001235   Thumb Code    72  _c16rtomb.o(.text)
    _wcrtomb                                 0x08001235   Thumb Code     0  _c16rtomb.o(.text)
    __user_setup_stackheap                   0x0800127d   Thumb Code    74  sys_stackheap_outer.o(.text)
    __rt_ctype_table                         0x080012c9   Thumb Code    16  rt_ctype_table.o(.text)
    __rt_locale                              0x080012d9   Thumb Code     8  rt_locale_intlibspace.o(.text)
    _printf_fp_infnan                        0x080012e1   Thumb Code   112  _printf_fp_infnan.o(.text)
    _btod_etento                             0x08001361   Thumb Code   224  bigflt0.o(.text)
    exit                                     0x08001445   Thumb Code    18  exit.o(.text)
    __user_libspace                          0x08001459   Thumb Code     8  libspace.o(.text)
    __user_perproc_libspace                  0x08001459   Thumb Code     0  libspace.o(.text)
    __user_perthread_libspace                0x08001459   Thumb Code     0  libspace.o(.text)
    strcmp                                   0x08001461   Thumb Code   124  strcmpv7em.o(.text)
    _sys_exit                                0x080014dd   Thumb Code     8  sys_exit.o(.text)
    __I$use$semihosting                      0x080014e9   Thumb Code     0  use_no_semi.o(.text)
    __use_no_semihosting_swi                 0x080014e9   Thumb Code     2  use_no_semi.o(.text)
    __semihosting_library_function           0x080014eb   Thumb Code     0  indicate_semi.o(.text)
    Activate_SPI1                            0x080014ed   Thumb Code    16  lcd_display.o(.text.Activate_SPI1)
    BusFault_Handler                         0x080014fd   Thumb Code     4  stm32f4xx_it.o(.text.BusFault_Handler)
    Chip_Select_Pin                          0x08001501   Thumb Code    52  lcd_display.o(.text.Chip_Select_Pin)
    Clear_Screen                             0x08001535   Thumb Code    24  lcd_display.o(.text.Clear_Screen)
    Configure_LCD_Pins                       0x0800154d   Thumb Code   262  lcd_display.o(.text.Configure_LCD_Pins)
    Configure_SPI1                           0x08001655   Thumb Code    86  lcd_display.o(.text.Configure_SPI1)
    Copy_Data_Buffer_To_LCD                  0x080016ad   Thumb Code   282  lcd_display.o(.text.Copy_Data_Buffer_To_LCD)
    DebugMon_Handler                         0x080017c9   Thumb Code     2  stm32f4xx_it.o(.text.DebugMon_Handler)
    HardFault_Handler                        0x080017cd   Thumb Code     4  stm32f4xx_it.o(.text.HardFault_Handler)
    Initialise_LCD_Controller                0x080017d1   Thumb Code   106  lcd_display.o(.text.Initialise_LCD_Controller)
    InstructionOrData                        0x0800183d   Thumb Code    84  lcd_display.o(.text.InstructionOrData)
    LL_mDelay                                0x0800217d   Thumb Code    74  stm32f4xx_ll_utils.o(.text.LL_mDelay)
    MemManage_Handler                        0x080021c9   Thumb Code     4  stm32f4xx_it.o(.text.MemManage_Handler)
    NMI_Handler                              0x080021cd   Thumb Code     2  stm32f4xx_it.o(.text.NMI_Handler)
    PendSV_Handler                           0x080021d1   Thumb Code     2  stm32f4xx_it.o(.text.PendSV_Handler)
    Reset_Display_Pin                        0x080021d5   Thumb Code    48  lcd_display.o(.text.Reset_Display_Pin)
    SVC_Handler                              0x08002205   Thumb Code     2  stm32f4xx_it.o(.text.SVC_Handler)
    Send_SPI_Byte                            0x08002209   Thumb Code    48  lcd_display.o(.text.Send_SPI_Byte)
    SysTick_Config_MCE2                      0x0800228d   Thumb Code    54  time_delays.o(.text.SysTick_Config_MCE2)
    SysTick_Handler                          0x080022c5   Thumb Code    16  time_delays.o(.text.SysTick_Handler)
    SystemClock_Config                       0x080022d5   Thumb Code   130  clk_config.o(.text.SystemClock_Config)
    SystemInit                               0x08002359   Thumb Code   110  system_stm32f4xx.o(.text.SystemInit)
    UsageFault_Handler                       0x080023c9   Thumb Code     4  stm32f4xx_it.o(.text.UsageFault_Handler)
    Write_Command_To_LCD                     0x080023cd   Thumb Code    38  lcd_display.o(.text.Write_Command_To_LCD)
    Write_Data_To_LCD                        0x080023f5   Thumb Code    38  lcd_display.o(.text.Write_Data_To_LCD)
    accelerometer_config                     0x08002461   Thumb Code   162  main.o(.text.accelerometer_config)
    accelerometer_read                       0x08002505   Thumb Code   260  main.o(.text.accelerometer_read)
    character                                0x08002609   Thumb Code   362  lcd_display.o(.text.character)
    checksum_calculate                       0x08002775   Thumb Code   212  main.o(.text.checksum_calculate)
    eeprom_ack_polling                       0x08002849   Thumb Code   132  main.o(.text.eeprom_ack_polling)
    eeprom_read                              0x080028cd   Thumb Code   342  main.o(.text.eeprom_read)
    eeprom_write                             0x08002a25   Thumb Code   342  main.o(.text.eeprom_write)
    gpio_config                              0x08002b7d   Thumb Code    22  main.o(.text.gpio_config)
    gui_update                               0x08002b95   Thumb Code   676  main.o(.text.gui_update)
    height                                   0x08002e39   Thumb Code    50  lcd_display.o(.text.height)
    i2c_1_config                             0x08002e6d   Thumb Code   152  main.o(.text.i2c_1_config)
    joystick_centre                          0x08002f05   Thumb Code    20  main.o(.text.joystick_centre)
    joystick_config                          0x08002f19   Thumb Code   140  main.o(.text.joystick_config)
    joystick_down                            0x08002fa5   Thumb Code    20  main.o(.text.joystick_down)
    joystick_left                            0x08002fb9   Thumb Code    20  main.o(.text.joystick_left)
    joystick_right                           0x08002fcd   Thumb Code    20  main.o(.text.joystick_right)
    joystick_up                              0x08002fe1   Thumb Code    18  main.o(.text.joystick_up)
    lcd_config                               0x08002ff5   Thumb Code    36  main.o(.text.lcd_config)
    locate                                   0x08003019   Thumb Code    34  lcd_display.o(.text.locate)
    main                                     0x0800303d   Thumb Code  1884  main.o(.text.main)
    pixel                                    0x08003799   Thumb Code   150  lcd_display.o(.text.pixel)
    put_char                                 0x08003831   Thumb Code   134  lcd_display.o(.text.put_char)
    put_string                               0x080038b9   Thumb Code   100  lcd_display.o(.text.put_string)
    set_font                                 0x0800391d   Thumb Code    20  lcd_display.o(.text.set_font)
    system_config                            0x08003931   Thumb Code    14  main.o(.text.system_config)
    width                                    0x08003941   Thumb Code    50  lcd_display.o(.text.width)
    _btod_d2e                                0x08003973   Thumb Code    62  btod.o(CL$$btod_d2e)
    _d2e_denorm_low                          0x080039b1   Thumb Code    70  btod.o(CL$$btod_d2e_denorm_low)
    _d2e_norm_op1                            0x080039f7   Thumb Code    96  btod.o(CL$$btod_d2e_norm_op1)
    __btod_div_common                        0x08003a59   Thumb Code   696  btod.o(CL$$btod_div_common)
    _e2e                                     0x08003d91   Thumb Code   220  btod.o(CL$$btod_e2e)
    _btod_ediv                               0x08003e6d   Thumb Code    42  btod.o(CL$$btod_ediv)
    _btod_emul                               0x08003e97   Thumb Code    42  btod.o(CL$$btod_emul)
    __btod_mult_common                       0x08003ec1   Thumb Code   580  btod.o(CL$$btod_mult_common)
    __ARM_fpclassify                         0x08004105   Thumb Code    48  fpclassify.o(i.__ARM_fpclassify)
    _is_digit                                0x08004135   Thumb Code    14  __printf_wp.o(i._is_digit)
    _get_lc_numeric                          0x08004145   Thumb Code    44  lc_numeric_c.o(locale$$code)
    _get_lc_ctype                            0x08004171   Thumb Code    44  lc_ctype_c.o(locale$$code)
    _fp_init                                 0x0800419d   Thumb Code    26  fpinit.o(x$fpl$fpinit)
    __fplib_config_fpu_vfp                   0x080041b5   Thumb Code     0  fpinit.o(x$fpl$fpinit)
    __fplib_config_pureend_doubles           0x080041b5   Thumb Code     0  fpinit.o(x$fpl$fpinit)
    _printf_fp_dec                           0x080041b7   Thumb Code     4  printf1.o(x$fpl$printf1)
    _printf_fp_hex                           0x080041bb   Thumb Code     4  printf2.o(x$fpl$printf2)
    __I$use$fp                               0x080041be   Number         0  usenofp.o(x$fpl$usenofp)
    Arial_9                                  0x080042bc   Data        2212  main.o(.rodata.Arial_9)
    Region$$Table$$Base                      0x08004bf4   Number         0  anon$$obj.o(Region$$Table)
    Region$$Table$$Limit                     0x08004c14   Number         0  anon$$obj.o(Region$$Table)
    __ctype                                  0x08004c3d   Data           0  lc_ctype_c.o(locale$$data)
    SystemCoreClock                          0x20000000   Data           4  system_stm32f4xx.o(.data.SystemCoreClock)
    __libspace_start                         0x20000008   Data          96  libspace.o(.bss)
    __temporary_stack_top$libspace           0x20000068   Data           0  libspace.o(.bss)
    buffer                                   0x20000068   Data         512  lcd_display.o(.bss.buffer)
    char_x                                   0x20000268   Data           4  lcd_display.o(.bss.char_x)
    char_y                                   0x2000026c   Data           4  lcd_display.o(.bss.char_y)
    font                                     0x20000270   Data           4  lcd_display.o(.bss.font)
    orientation                              0x20000274   Data           4  lcd_display.o(.bss.orientation)



==============================================================================

Memory Map of the image

  Image Entry point : 0x08000195

  Load Region LR_IROM1 (Base: 0x08000000, Size: 0x00004d48, Max: 0x00080000, ABSOLUTE)

    Execution Region ER_IROM1 (Exec base: 0x08000000, Load base: 0x08000000, Size: 0x00004d40, Max: 0x00080000, ABSOLUTE)

    Exec Addr    Load Addr    Size         Type   Attr      Idx    E Section Name        Object

    0x08000000   0x08000000   0x00000194   Data   RO           26    RESET               startup_stm32f401xe.o
    0x08000194   0x08000194   0x00000008   Code   RO          862  * !!!main             c_w.l(__main.o)
    0x0800019c   0x0800019c   0x00000034   Code   RO         1199    !!!scatter          c_w.l(__scatter.o)
    0x080001d0   0x080001d0   0x0000001a   Code   RO         1201    !!handler_copy      c_w.l(__scatter_copy.o)
    0x080001ea   0x080001ea   0x00000002   PAD
    0x080001ec   0x080001ec   0x0000001c   Code   RO         1203    !!handler_zi        c_w.l(__scatter_zi.o)
    0x08000208   0x08000208   0x00000000   Code   RO          946    .ARM.Collect$$_printf_percent$$00000000  c_w.l(_printf_percent.o)
    0x08000208   0x08000208   0x00000006   Code   RO          935    .ARM.Collect$$_printf_percent$$00000001  c_w.l(_printf_n.o)
    0x0800020e   0x0800020e   0x00000006   Code   RO          937    .ARM.Collect$$_printf_percent$$00000002  c_w.l(_printf_p.o)
    0x08000214   0x08000214   0x00000006   Code   RO          942    .ARM.Collect$$_printf_percent$$00000003  c_w.l(_printf_f.o)
    0x0800021a   0x0800021a   0x00000006   Code   RO          943    .ARM.Collect$$_printf_percent$$00000004  c_w.l(_printf_e.o)
    0x08000220   0x08000220   0x00000006   Code   RO          944    .ARM.Collect$$_printf_percent$$00000005  c_w.l(_printf_g.o)
    0x08000226   0x08000226   0x00000006   Code   RO          945    .ARM.Collect$$_printf_percent$$00000006  c_w.l(_printf_a.o)
    0x0800022c   0x0800022c   0x0000000a   Code   RO          950    .ARM.Collect$$_printf_percent$$00000007  c_w.l(_printf_ll.o)
    0x08000236   0x08000236   0x00000006   Code   RO          939    .ARM.Collect$$_printf_percent$$00000008  c_w.l(_printf_i.o)
    0x0800023c   0x0800023c   0x00000006   Code   RO          940    .ARM.Collect$$_printf_percent$$00000009  c_w.l(_printf_d.o)
    0x08000242   0x08000242   0x00000006   Code   RO          941    .ARM.Collect$$_printf_percent$$0000000A  c_w.l(_printf_u.o)
    0x08000248   0x08000248   0x00000006   Code   RO          938    .ARM.Collect$$_printf_percent$$0000000B  c_w.l(_printf_o.o)
    0x0800024e   0x0800024e   0x00000006   Code   RO          936    .ARM.Collect$$_printf_percent$$0000000C  c_w.l(_printf_x.o)
    0x08000254   0x08000254   0x00000006   Code   RO          947    .ARM.Collect$$_printf_percent$$0000000D  c_w.l(_printf_lli.o)
    0x0800025a   0x0800025a   0x00000006   Code   RO          948    .ARM.Collect$$_printf_percent$$0000000E  c_w.l(_printf_lld.o)
    0x08000260   0x08000260   0x00000006   Code   RO          949    .ARM.Collect$$_printf_percent$$0000000F  c_w.l(_printf_llu.o)
    0x08000266   0x08000266   0x00000006   Code   RO          954    .ARM.Collect$$_printf_percent$$00000010  c_w.l(_printf_llo.o)
    0x0800026c   0x0800026c   0x00000006   Code   RO          955    .ARM.Collect$$_printf_percent$$00000011  c_w.l(_printf_llx.o)
    0x08000272   0x08000272   0x0000000a   Code   RO          951    .ARM.Collect$$_printf_percent$$00000012  c_w.l(_printf_l.o)
    0x0800027c   0x0800027c   0x00000006   Code   RO          933    .ARM.Collect$$_printf_percent$$00000013  c_w.l(_printf_c.o)
    0x08000282   0x08000282   0x00000006   Code   RO          934    .ARM.Collect$$_printf_percent$$00000014  c_w.l(_printf_s.o)
    0x08000288   0x08000288   0x00000006   Code   RO          952    .ARM.Collect$$_printf_percent$$00000015  c_w.l(_printf_lc.o)
    0x0800028e   0x0800028e   0x00000006   Code   RO          953    .ARM.Collect$$_printf_percent$$00000016  c_w.l(_printf_ls.o)
    0x08000294   0x08000294   0x00000004   Code   RO          996    .ARM.Collect$$_printf_percent$$00000017  c_w.l(_printf_percent_end.o)
    0x08000298   0x08000298   0x00000002   Code   RO         1047    .ARM.Collect$$libinit$$00000000  c_w.l(libinit.o)
    0x0800029a   0x0800029a   0x00000004   Code   RO         1065    .ARM.Collect$$libinit$$00000001  c_w.l(libinit2.o)
    0x0800029e   0x0800029e   0x00000000   Code   RO         1068    .ARM.Collect$$libinit$$00000004  c_w.l(libinit2.o)
    0x0800029e   0x0800029e   0x00000000   Code   RO         1070    .ARM.Collect$$libinit$$00000006  c_w.l(libinit2.o)
    0x0800029e   0x0800029e   0x00000000   Code   RO         1073    .ARM.Collect$$libinit$$0000000C  c_w.l(libinit2.o)
    0x0800029e   0x0800029e   0x00000000   Code   RO         1075    .ARM.Collect$$libinit$$0000000E  c_w.l(libinit2.o)
    0x0800029e   0x0800029e   0x00000000   Code   RO         1077    .ARM.Collect$$libinit$$00000010  c_w.l(libinit2.o)
    0x0800029e   0x0800029e   0x00000006   Code   RO         1078    .ARM.Collect$$libinit$$00000011  c_w.l(libinit2.o)
    0x080002a4   0x080002a4   0x00000000   Code   RO         1080    .ARM.Collect$$libinit$$00000013  c_w.l(libinit2.o)
    0x080002a4   0x080002a4   0x0000000c   Code   RO         1081    .ARM.Collect$$libinit$$00000014  c_w.l(libinit2.o)
    0x080002b0   0x080002b0   0x00000000   Code   RO         1082    .ARM.Collect$$libinit$$00000015  c_w.l(libinit2.o)
    0x080002b0   0x080002b0   0x00000000   Code   RO         1084    .ARM.Collect$$libinit$$00000017  c_w.l(libinit2.o)
    0x080002b0   0x080002b0   0x0000000a   Code   RO         1085    .ARM.Collect$$libinit$$00000018  c_w.l(libinit2.o)
    0x080002ba   0x080002ba   0x00000000   Code   RO         1086    .ARM.Collect$$libinit$$00000019  c_w.l(libinit2.o)
    0x080002ba   0x080002ba   0x00000000   Code   RO         1088    .ARM.Collect$$libinit$$0000001B  c_w.l(libinit2.o)
    0x080002ba   0x080002ba   0x00000000   Code   RO         1090    .ARM.Collect$$libinit$$0000001D  c_w.l(libinit2.o)
    0x080002ba   0x080002ba   0x00000000   Code   RO         1092    .ARM.Collect$$libinit$$0000001F  c_w.l(libinit2.o)
    0x080002ba   0x080002ba   0x00000000   Code   RO         1094    .ARM.Collect$$libinit$$00000021  c_w.l(libinit2.o)
    0x080002ba   0x080002ba   0x00000000   Code   RO         1096    .ARM.Collect$$libinit$$00000023  c_w.l(libinit2.o)
    0x080002ba   0x080002ba   0x00000000   Code   RO         1098    .ARM.Collect$$libinit$$00000025  c_w.l(libinit2.o)
    0x080002ba   0x080002ba   0x00000000   Code   RO         1100    .ARM.Collect$$libinit$$00000027  c_w.l(libinit2.o)
    0x080002ba   0x080002ba   0x00000000   Code   RO         1104    .ARM.Collect$$libinit$$0000002E  c_w.l(libinit2.o)
    0x080002ba   0x080002ba   0x00000000   Code   RO         1106    .ARM.Collect$$libinit$$00000030  c_w.l(libinit2.o)
    0x080002ba   0x080002ba   0x00000000   Code   RO         1108    .ARM.Collect$$libinit$$00000032  c_w.l(libinit2.o)
    0x080002ba   0x080002ba   0x00000000   Code   RO         1110    .ARM.Collect$$libinit$$00000034  c_w.l(libinit2.o)
    0x080002ba   0x080002ba   0x00000002   Code   RO         1111    .ARM.Collect$$libinit$$00000035  c_w.l(libinit2.o)
    0x080002bc   0x080002bc   0x00000002   Code   RO         1135    .ARM.Collect$$libshutdown$$00000000  c_w.l(libshutdown.o)
    0x080002be   0x080002be   0x00000000   Code   RO         1150    .ARM.Collect$$libshutdown$$00000002  c_w.l(libshutdown2.o)
    0x080002be   0x080002be   0x00000000   Code   RO         1152    .ARM.Collect$$libshutdown$$00000004  c_w.l(libshutdown2.o)
    0x080002be   0x080002be   0x00000000   Code   RO         1155    .ARM.Collect$$libshutdown$$00000007  c_w.l(libshutdown2.o)
    0x080002be   0x080002be   0x00000000   Code   RO         1158    .ARM.Collect$$libshutdown$$0000000A  c_w.l(libshutdown2.o)
    0x080002be   0x080002be   0x00000000   Code   RO         1160    .ARM.Collect$$libshutdown$$0000000C  c_w.l(libshutdown2.o)
    0x080002be   0x080002be   0x00000000   Code   RO         1163    .ARM.Collect$$libshutdown$$0000000F  c_w.l(libshutdown2.o)
    0x080002be   0x080002be   0x00000002   Code   RO         1164    .ARM.Collect$$libshutdown$$00000010  c_w.l(libshutdown2.o)
    0x080002c0   0x080002c0   0x00000000   Code   RO          864    .ARM.Collect$$rtentry$$00000000  c_w.l(__rtentry.o)
    0x080002c0   0x080002c0   0x00000000   Code   RO          965    .ARM.Collect$$rtentry$$00000002  c_w.l(__rtentry2.o)
    0x080002c0   0x080002c0   0x00000006   Code   RO          977    .ARM.Collect$$rtentry$$00000004  c_w.l(__rtentry4.o)
    0x080002c6   0x080002c6   0x00000000   Code   RO          967    .ARM.Collect$$rtentry$$00000009  c_w.l(__rtentry2.o)
    0x080002c6   0x080002c6   0x00000004   Code   RO          968    .ARM.Collect$$rtentry$$0000000A  c_w.l(__rtentry2.o)
    0x080002ca   0x080002ca   0x00000000   Code   RO          970    .ARM.Collect$$rtentry$$0000000C  c_w.l(__rtentry2.o)
    0x080002ca   0x080002ca   0x00000008   Code   RO          971    .ARM.Collect$$rtentry$$0000000D  c_w.l(__rtentry2.o)
    0x080002d2   0x080002d2   0x00000002   Code   RO         1056    .ARM.Collect$$rtexit$$00000000  c_w.l(rtexit.o)
    0x080002d4   0x080002d4   0x00000000   Code   RO         1113    .ARM.Collect$$rtexit$$00000002  c_w.l(rtexit2.o)
    0x080002d4   0x080002d4   0x00000004   Code   RO         1114    .ARM.Collect$$rtexit$$00000003  c_w.l(rtexit2.o)
    0x080002d8   0x080002d8   0x00000006   Code   RO         1115    .ARM.Collect$$rtexit$$00000004  c_w.l(rtexit2.o)
    0x080002de   0x080002de   0x00000002   PAD
    0x080002e0   0x080002e0   0x00000040   Code   RO           27    .text               startup_stm32f401xe.o
    0x08000320   0x08000320   0x0000002c   Code   RO          852    .text               c_w.l(sprintf.o)
    0x0800034c   0x0800034c   0x0000003e   Code   RO          854    .text               c_w.l(strlen.o)
    0x0800038a   0x0800038a   0x00000044   Code   RO          856    .text               c_w.l(rt_memclr.o)
    0x080003ce   0x080003ce   0x0000004e   Code   RO          858    .text               c_w.l(rt_memclr_w.o)
    0x0800041c   0x0800041c   0x00000006   Code   RO          860    .text               c_w.l(heapauxi.o)
    0x08000422   0x08000422   0x0000004e   Code   RO          867    .text               c_w.l(_printf_pad.o)
    0x08000470   0x08000470   0x00000024   Code   RO          869    .text               c_w.l(_printf_truncate.o)
    0x08000494   0x08000494   0x00000052   Code   RO          871    .text               c_w.l(_printf_str.o)
    0x080004e6   0x080004e6   0x00000002   PAD
    0x080004e8   0x080004e8   0x00000078   Code   RO          873    .text               c_w.l(_printf_dec.o)
    0x08000560   0x08000560   0x00000028   Code   RO          875    .text               c_w.l(_printf_charcount.o)
    0x08000588   0x08000588   0x00000030   Code   RO          877    .text               c_w.l(_printf_char_common.o)
    0x080005b8   0x080005b8   0x0000000a   Code   RO          879    .text               c_w.l(_sputc.o)
    0x080005c2   0x080005c2   0x00000002   PAD
    0x080005c4   0x080005c4   0x000000bc   Code   RO          881    .text               c_w.l(_printf_wctomb.o)
    0x08000680   0x08000680   0x0000007c   Code   RO          884    .text               c_w.l(_printf_longlong_dec.o)
    0x080006fc   0x080006fc   0x00000070   Code   RO          890    .text               c_w.l(_printf_oct_int_ll.o)
    0x0800076c   0x0800076c   0x00000094   Code   RO          910    .text               c_w.l(_printf_hex_int_ll_ptr.o)
    0x08000800   0x08000800   0x00000188   Code   RO          930    .text               c_w.l(__printf_flags_ss_wp.o)
    0x08000988   0x08000988   0x0000008a   Code   RO          979    .text               c_w.l(lludiv10.o)
    0x08000a12   0x08000a12   0x000000b2   Code   RO          981    .text               c_w.l(_printf_intcommon.o)
    0x08000ac4   0x08000ac4   0x0000041c   Code   RO          983    .text               c_w.l(_printf_fp_dec.o)
    0x08000ee0   0x08000ee0   0x000002fc   Code   RO          987    .text               c_w.l(_printf_fp_hex.o)
    0x080011dc   0x080011dc   0x0000002c   Code   RO          992    .text               c_w.l(_printf_char.o)
    0x08001208   0x08001208   0x0000002c   Code   RO          994    .text               c_w.l(_printf_wchar.o)
    0x08001234   0x08001234   0x00000048   Code   RO          997    .text               c_w.l(_c16rtomb.o)
    0x0800127c   0x0800127c   0x0000004a   Code   RO          999    .text               c_w.l(sys_stackheap_outer.o)
    0x080012c6   0x080012c6   0x00000002   PAD
    0x080012c8   0x080012c8   0x00000010   Code   RO         1001    .text               c_w.l(rt_ctype_table.o)
    0x080012d8   0x080012d8   0x00000008   Code   RO         1006    .text               c_w.l(rt_locale_intlibspace.o)
    0x080012e0   0x080012e0   0x00000080   Code   RO         1008    .text               c_w.l(_printf_fp_infnan.o)
    0x08001360   0x08001360   0x000000e4   Code   RO         1010    .text               c_w.l(bigflt0.o)
    0x08001444   0x08001444   0x00000012   Code   RO         1040    .text               c_w.l(exit.o)
    0x08001456   0x08001456   0x00000002   PAD
    0x08001458   0x08001458   0x00000008   Code   RO         1053    .text               c_w.l(libspace.o)
    0x08001460   0x08001460   0x0000007c   Code   RO         1063    .text               c_w.l(strcmpv7em.o)
    0x080014dc   0x080014dc   0x0000000c   Code   RO         1125    .text               c_w.l(sys_exit.o)
    0x080014e8   0x080014e8   0x00000002   Code   RO         1140    .text               c_w.l(use_no_semi.o)
    0x080014ea   0x080014ea   0x00000000   Code   RO         1142    .text               c_w.l(indicate_semi.o)
    0x080014ea   0x080014ea   0x00000002   PAD
    0x080014ec   0x080014ec   0x00000010   Code   RO          662    .text.Activate_SPI1  lcd_display.o
    0x080014fc   0x080014fc   0x00000004   Code   RO            8    .text.BusFault_Handler  stm32f4xx_it.o
    0x08001500   0x08001500   0x00000034   Code   RO          706    .text.Chip_Select_Pin  lcd_display.o
    0x08001534   0x08001534   0x00000018   Code   RO          664    .text.Clear_Screen  lcd_display.o
    0x0800154c   0x0800154c   0x00000106   Code   RO          658    .text.Configure_LCD_Pins  lcd_display.o
    0x08001652   0x08001652   0x00000002   PAD
    0x08001654   0x08001654   0x00000056   Code   RO          660    .text.Configure_SPI1  lcd_display.o
    0x080016aa   0x080016aa   0x00000002   PAD
    0x080016ac   0x080016ac   0x0000011a   Code   RO          678    .text.Copy_Data_Buffer_To_LCD  lcd_display.o
    0x080017c6   0x080017c6   0x00000002   PAD
    0x080017c8   0x080017c8   0x00000002   Code   RO           14    .text.DebugMon_Handler  stm32f4xx_it.o
    0x080017ca   0x080017ca   0x00000002   PAD
    0x080017cc   0x080017cc   0x00000004   Code   RO            4    .text.HardFault_Handler  stm32f4xx_it.o
    0x080017d0   0x080017d0   0x0000006a   Code   RO          666    .text.Initialise_LCD_Controller  lcd_display.o
    0x0800183a   0x0800183a   0x00000002   PAD
    0x0800183c   0x0800183c   0x00000054   Code   RO          702    .text.InstructionOrData  lcd_display.o
    0x08001890   0x08001890   0x00000022   Code   RO          720    .text.LL_AHB1_GRP1_EnableClock  lcd_display.o
    0x080018b2   0x080018b2   0x00000002   PAD
    0x080018b4   0x080018b4   0x00000022   Code   RO          794    .text.LL_AHB1_GRP1_EnableClock  main.o
    0x080018d6   0x080018d6   0x00000002   PAD
    0x080018d8   0x080018d8   0x00000022   Code   RO          802    .text.LL_APB1_GRP1_EnableClock  main.o
    0x080018fa   0x080018fa   0x00000002   PAD
    0x080018fc   0x080018fc   0x00000022   Code   RO          730    .text.LL_APB2_GRP1_EnableClock  lcd_display.o
    0x0800191e   0x0800191e   0x00000002   PAD
    0x08001920   0x08001920   0x0000001c   Code   RO          631    .text.LL_FLASH_SetLatency  clk_config.o
    0x0800193c   0x0800193c   0x0000001a   Code   RO          836    .text.LL_GPIO_IsInputPinSet  main.o
    0x08001956   0x08001956   0x00000002   PAD
    0x08001958   0x08001958   0x00000012   Code   RO          710    .text.LL_GPIO_ResetOutputPin  lcd_display.o
    0x0800196a   0x0800196a   0x00000002   PAD
    0x0800196c   0x0800196c   0x0000007c   Code   RO          728    .text.LL_GPIO_SetAFPin_0_7  lcd_display.o
    0x080019e8   0x080019e8   0x00000080   Code   RO          798    .text.LL_GPIO_SetAFPin_8_15  main.o
    0x08001a68   0x08001a68   0x00000010   Code   RO          712    .text.LL_GPIO_SetOutputPin  lcd_display.o
    0x08001a78   0x08001a78   0x0000007c   Code   RO          722    .text.LL_GPIO_SetPinMode  lcd_display.o
    0x08001af4   0x08001af4   0x0000007c   Code   RO          796    .text.LL_GPIO_SetPinMode  main.o
    0x08001b70   0x08001b70   0x0000001e   Code   RO          800    .text.LL_GPIO_SetPinOutputType  main.o
    0x08001b8e   0x08001b8e   0x00000002   PAD
    0x08001b90   0x08001b90   0x0000007c   Code   RO          726    .text.LL_GPIO_SetPinPull  lcd_display.o
    0x08001c0c   0x08001c0c   0x0000007c   Code   RO          834    .text.LL_GPIO_SetPinPull  main.o
    0x08001c88   0x08001c88   0x0000007c   Code   RO          724    .text.LL_GPIO_SetPinSpeed  lcd_display.o
    0x08001d04   0x08001d04   0x0000001a   Code   RO          828    .text.LL_I2C_AcknowledgeNextData  main.o
    0x08001d1e   0x08001d1e   0x00000002   PAD
    0x08001d20   0x08001d20   0x00000018   Code   RO          820    .text.LL_I2C_ClearFlag_ADDR  main.o
    0x08001d38   0x08001d38   0x00000140   Code   RO          808    .text.LL_I2C_ConfigSpeed  main.o
    0x08001e78   0x08001e78   0x00000012   Code   RO          804    .text.LL_I2C_Disable  main.o
    0x08001e8a   0x08001e8a   0x00000002   PAD
    0x08001e8c   0x08001e8c   0x00000012   Code   RO          810    .text.LL_I2C_Enable  main.o
    0x08001e9e   0x08001e9e   0x00000002   PAD
    0x08001ea0   0x08001ea0   0x00000012   Code   RO          812    .text.LL_I2C_GenerateStartCondition  main.o
    0x08001eb2   0x08001eb2   0x00000002   PAD
    0x08001eb4   0x08001eb4   0x00000012   Code   RO          824    .text.LL_I2C_GenerateStopCondition  main.o
    0x08001ec6   0x08001ec6   0x00000002   PAD
    0x08001ec8   0x08001ec8   0x00000010   Code   RO          818    .text.LL_I2C_IsActiveFlag_ADDR  main.o
    0x08001ed8   0x08001ed8   0x00000010   Code   RO          830    .text.LL_I2C_IsActiveFlag_RXNE  main.o
    0x08001ee8   0x08001ee8   0x00000010   Code   RO          814    .text.LL_I2C_IsActiveFlag_SB  main.o
    0x08001ef8   0x08001ef8   0x00000010   Code   RO          822    .text.LL_I2C_IsActiveFlag_TXE  main.o
    0x08001f08   0x08001f08   0x0000000e   Code   RO          832    .text.LL_I2C_ReceiveData8  main.o
    0x08001f16   0x08001f16   0x00000002   PAD
    0x08001f18   0x08001f18   0x0000001a   Code   RO          806    .text.LL_I2C_SetMode  main.o
    0x08001f32   0x08001f32   0x00000002   PAD
    0x08001f34   0x08001f34   0x0000001e   Code   RO          816    .text.LL_I2C_TransmitData8  main.o
    0x08001f52   0x08001f52   0x00000002   PAD
    0x08001f54   0x08001f54   0x00000010   Code   RO          643    .text.LL_RCC_GetSysClkSource  clk_config.o
    0x08001f64   0x08001f64   0x00000012   Code   RO          627    .text.LL_RCC_HSE_Enable  clk_config.o
    0x08001f76   0x08001f76   0x00000002   PAD
    0x08001f78   0x08001f78   0x00000012   Code   RO          625    .text.LL_RCC_HSE_EnableBypass  clk_config.o
    0x08001f8a   0x08001f8a   0x00000002   PAD
    0x08001f8c   0x08001f8c   0x00000010   Code   RO          629    .text.LL_RCC_HSE_IsReady  clk_config.o
    0x08001f9c   0x08001f9c   0x0000003e   Code   RO          633    .text.LL_RCC_PLL_ConfigDomain_SYS  clk_config.o
    0x08001fda   0x08001fda   0x00000002   PAD
    0x08001fdc   0x08001fdc   0x00000012   Code   RO          635    .text.LL_RCC_PLL_Enable  clk_config.o
    0x08001fee   0x08001fee   0x00000002   PAD
    0x08001ff0   0x08001ff0   0x00000010   Code   RO          637    .text.LL_RCC_PLL_IsReady  clk_config.o
    0x08002000   0x08002000   0x0000001c   Code   RO          639    .text.LL_RCC_SetAHBPrescaler  clk_config.o
    0x0800201c   0x0800201c   0x0000001c   Code   RO          645    .text.LL_RCC_SetAPB1Prescaler  clk_config.o
    0x08002038   0x08002038   0x0000001c   Code   RO          647    .text.LL_RCC_SetAPB2Prescaler  clk_config.o
    0x08002054   0x08002054   0x0000001c   Code   RO          641    .text.LL_RCC_SetSysClkSource  clk_config.o
    0x08002070   0x08002070   0x00000012   Code   RO          746    .text.LL_SPI_Enable  lcd_display.o
    0x08002082   0x08002082   0x00000002   PAD
    0x08002084   0x08002084   0x00000010   Code   RO          718    .text.LL_SPI_IsActiveFlag_BSY  lcd_display.o
    0x08002094   0x08002094   0x0000001a   Code   RO          732    .text.LL_SPI_SetBaudRatePrescaler  lcd_display.o
    0x080020ae   0x080020ae   0x00000002   PAD
    0x080020b0   0x080020b0   0x0000001a   Code   RO          736    .text.LL_SPI_SetClockPhase  lcd_display.o
    0x080020ca   0x080020ca   0x00000002   PAD
    0x080020cc   0x080020cc   0x0000001a   Code   RO          738    .text.LL_SPI_SetClockPolarity  lcd_display.o
    0x080020e6   0x080020e6   0x00000002   PAD
    0x080020e8   0x080020e8   0x0000001a   Code   RO          740    .text.LL_SPI_SetDataWidth  lcd_display.o
    0x08002102   0x08002102   0x00000002   PAD
    0x08002104   0x08002104   0x0000001a   Code   RO          744    .text.LL_SPI_SetMode  lcd_display.o
    0x0800211e   0x0800211e   0x00000002   PAD
    0x08002120   0x08002120   0x0000002c   Code   RO          742    .text.LL_SPI_SetNSSMode  lcd_display.o
    0x0800214c   0x0800214c   0x0000001a   Code   RO          734    .text.LL_SPI_SetTransferDirection  lcd_display.o
    0x08002166   0x08002166   0x00000002   PAD
    0x08002168   0x08002168   0x00000014   Code   RO          716    .text.LL_SPI_TransmitData8  lcd_display.o
    0x0800217c   0x0800217c   0x0000004a   Code   RO           52    .text.LL_mDelay     stm32f4xx_ll_utils.o
    0x080021c6   0x080021c6   0x00000002   PAD
    0x080021c8   0x080021c8   0x00000004   Code   RO            6    .text.MemManage_Handler  stm32f4xx_it.o
    0x080021cc   0x080021cc   0x00000002   Code   RO            2    .text.NMI_Handler   stm32f4xx_it.o
    0x080021ce   0x080021ce   0x00000002   PAD
    0x080021d0   0x080021d0   0x00000002   Code   RO           16    .text.PendSV_Handler  stm32f4xx_it.o
    0x080021d2   0x080021d2   0x00000002   PAD
    0x080021d4   0x080021d4   0x00000030   Code   RO          708    .text.Reset_Display_Pin  lcd_display.o
    0x08002204   0x08002204   0x00000002   Code   RO           12    .text.SVC_Handler   stm32f4xx_it.o
    0x08002206   0x08002206   0x00000002   PAD
    0x08002208   0x08002208   0x00000030   Code   RO          714    .text.Send_SPI_Byte  lcd_display.o
    0x08002238   0x08002238   0x00000052   Code   RO          601    .text.SysTick_Config  time_delays.o
    0x0800228a   0x0800228a   0x00000002   PAD
    0x0800228c   0x0800228c   0x00000036   Code   RO          599    .text.SysTick_Config_MCE2  time_delays.o
    0x080022c2   0x080022c2   0x00000002   PAD
    0x080022c4   0x080022c4   0x00000010   Code   RO          603    .text.SysTick_Handler  time_delays.o
    0x080022d4   0x080022d4   0x00000082   Code   RO          623    .text.SystemClock_Config  clk_config.o
    0x08002356   0x08002356   0x00000002   PAD
    0x08002358   0x08002358   0x0000006e   Code   RO           34    .text.SystemInit    system_stm32f4xx.o
    0x080023c6   0x080023c6   0x00000002   PAD
    0x080023c8   0x080023c8   0x00000004   Code   RO           10    .text.UsageFault_Handler  stm32f4xx_it.o
    0x080023cc   0x080023cc   0x00000026   Code   RO          694    .text.Write_Command_To_LCD  lcd_display.o
    0x080023f2   0x080023f2   0x00000002   PAD
    0x080023f4   0x080023f4   0x00000026   Code   RO          704    .text.Write_Data_To_LCD  lcd_display.o
    0x0800241a   0x0800241a   0x00000002   PAD
    0x0800241c   0x0800241c   0x00000042   Code   RO          613    .text.__NVIC_SetPriority  time_delays.o
    0x0800245e   0x0800245e   0x00000002   PAD
    0x08002460   0x08002460   0x000000a2   Code   RO          772    .text.accelerometer_config  main.o
    0x08002502   0x08002502   0x00000002   PAD
    0x08002504   0x08002504   0x00000104   Code   RO          778    .text.accelerometer_read  main.o
    0x08002608   0x08002608   0x0000016a   Code   RO          676    .text.character     lcd_display.o
    0x08002772   0x08002772   0x00000002   PAD
    0x08002774   0x08002774   0x000000d4   Code   RO          780    .text.checksum_calculate  main.o
    0x08002848   0x08002848   0x00000084   Code   RO          826    .text.eeprom_ack_polling  main.o
    0x080028cc   0x080028cc   0x00000156   Code   RO          788    .text.eeprom_read   main.o
    0x08002a22   0x08002a22   0x00000002   PAD
    0x08002a24   0x08002a24   0x00000156   Code   RO          784    .text.eeprom_write  main.o
    0x08002b7a   0x08002b7a   0x00000002   PAD
    0x08002b7c   0x08002b7c   0x00000016   Code   RO          766    .text.gpio_config   main.o
    0x08002b92   0x08002b92   0x00000002   PAD
    0x08002b94   0x08002b94   0x000002a4   Code   RO          774    .text.gui_update    main.o
    0x08002e38   0x08002e38   0x00000032   Code   RO          674    .text.height        lcd_display.o
    0x08002e6a   0x08002e6a   0x00000002   PAD
    0x08002e6c   0x08002e6c   0x00000098   Code   RO          770    .text.i2c_1_config  main.o
    0x08002f04   0x08002f04   0x00000014   Code   RO          776    .text.joystick_centre  main.o
    0x08002f18   0x08002f18   0x0000008c   Code   RO          768    .text.joystick_config  main.o
    0x08002fa4   0x08002fa4   0x00000014   Code   RO          792    .text.joystick_down  main.o
    0x08002fb8   0x08002fb8   0x00000014   Code   RO          786    .text.joystick_left  main.o
    0x08002fcc   0x08002fcc   0x00000014   Code   RO          782    .text.joystick_right  main.o
    0x08002fe0   0x08002fe0   0x00000012   Code   RO          790    .text.joystick_up   main.o
    0x08002ff2   0x08002ff2   0x00000002   PAD
    0x08002ff4   0x08002ff4   0x00000024   Code   RO          764    .text.lcd_config    main.o
    0x08003018   0x08003018   0x00000022   Code   RO          670    .text.locate        lcd_display.o
    0x0800303a   0x0800303a   0x00000002   PAD
    0x0800303c   0x0800303c   0x0000075c   Code   RO          760    .text.main          main.o
    0x08003798   0x08003798   0x00000096   Code   RO          682    .text.pixel         lcd_display.o
    0x0800382e   0x0800382e   0x00000002   PAD
    0x08003830   0x08003830   0x00000086   Code   RO          672    .text.put_char      lcd_display.o
    0x080038b6   0x080038b6   0x00000002   PAD
    0x080038b8   0x080038b8   0x00000064   Code   RO          668    .text.put_string    lcd_display.o
    0x0800391c   0x0800391c   0x00000014   Code   RO          684    .text.set_font      lcd_display.o
    0x08003930   0x08003930   0x0000000e   Code   RO          762    .text.system_config  main.o
    0x0800393e   0x0800393e   0x00000002   PAD
    0x08003940   0x08003940   0x00000032   Code   RO          680    .text.width         lcd_display.o
    0x08003972   0x08003972   0x0000003e   Code   RO         1013    CL$$btod_d2e        c_w.l(btod.o)
    0x080039b0   0x080039b0   0x00000046   Code   RO         1015    CL$$btod_d2e_denorm_low  c_w.l(btod.o)
    0x080039f6   0x080039f6   0x00000060   Code   RO         1014    CL$$btod_d2e_norm_op1  c_w.l(btod.o)
    0x08003a56   0x08003a56   0x00000002   PAD
    0x08003a58   0x08003a58   0x00000338   Code   RO         1023    CL$$btod_div_common  c_w.l(btod.o)
    0x08003d90   0x08003d90   0x000000dc   Code   RO         1020    CL$$btod_e2e        c_w.l(btod.o)
    0x08003e6c   0x08003e6c   0x0000002a   Code   RO         1017    CL$$btod_ediv       c_w.l(btod.o)
    0x08003e96   0x08003e96   0x0000002a   Code   RO         1016    CL$$btod_emul       c_w.l(btod.o)
    0x08003ec0   0x08003ec0   0x00000244   Code   RO         1022    CL$$btod_mult_common  c_w.l(btod.o)
    0x08004104   0x08004104   0x00000030   Code   RO         1051    i.__ARM_fpclassify  m_wm.l(fpclassify.o)
    0x08004134   0x08004134   0x0000000e   Code   RO          923    i._is_digit         c_w.l(__printf_wp.o)
    0x08004142   0x08004142   0x00000002   PAD
    0x08004144   0x08004144   0x0000002c   Code   RO         1038    locale$$code        c_w.l(lc_numeric_c.o)
    0x08004170   0x08004170   0x0000002c   Code   RO         1061    locale$$code        c_w.l(lc_ctype_c.o)
    0x0800419c   0x0800419c   0x0000001a   Code   RO         1123    x$fpl$fpinit        fz_wm.l(fpinit.o)
    0x080041b6   0x080041b6   0x00000004   Code   RO          956    x$fpl$printf1       fz_wm.l(printf1.o)
    0x080041ba   0x080041ba   0x00000004   Code   RO          958    x$fpl$printf2       fz_wm.l(printf2.o)
    0x080041be   0x080041be   0x00000000   Code   RO         1050    x$fpl$usenofp       fz_wm.l(usenofp.o)
    0x080041be   0x080041be   0x00000002   PAD
    0x080041c0   0x080041c0   0x00000008   Data   RO          882    .constdata          c_w.l(_printf_wctomb.o)
    0x080041c8   0x080041c8   0x00000028   Data   RO          911    .constdata          c_w.l(_printf_hex_int_ll_ptr.o)
    0x080041f0   0x080041f0   0x00000011   Data   RO          931    .constdata          c_w.l(__printf_flags_ss_wp.o)
    0x08004201   0x08004201   0x00000026   Data   RO          988    .constdata          c_w.l(_printf_fp_hex.o)
    0x08004227   0x08004227   0x00000001   PAD
    0x08004228   0x08004228   0x00000094   Data   RO         1011    .constdata          c_w.l(bigflt0.o)
    0x080042bc   0x080042bc   0x000008a4   Data   RO          839    .rodata.Arial_9     main.o
    0x08004b60   0x08004b60   0x00000092   Data   RO          842    .rodata.str1.1      main.o
    0x08004bf2   0x08004bf2   0x00000002   PAD
    0x08004bf4   0x08004bf4   0x00000020   Data   RO         1198    Region$$Table       anon$$obj.o
    0x08004c14   0x08004c14   0x0000001c   Data   RO         1037    locale$$data        c_w.l(lc_numeric_c.o)
    0x08004c30   0x08004c30   0x00000110   Data   RO         1060    locale$$data        c_w.l(lc_ctype_c.o)


    Execution Region RW_IRAM1 (Exec base: 0x20000000, Load base: 0x08004d40, Size: 0x00000880, Max: 0x00018000, ABSOLUTE)

    Exec Addr    Load Addr    Size         Type   Attr      Idx    E Section Name        Object

    0x20000000   0x08004d40   0x00000004   Data   RW           38    .data.SystemCoreClock  system_stm32f4xx.o
    0x20000004   0x08004d44   0x00000004   PAD
    0x20000008        -       0x00000060   Zero   RW         1054    .bss                c_w.l(libspace.o)
    0x20000068        -       0x00000200   Zero   RW          752    .bss.buffer         lcd_display.o
    0x20000268        -       0x00000004   Zero   RW          749    .bss.char_x         lcd_display.o
    0x2000026c        -       0x00000004   Zero   RW          750    .bss.char_y         lcd_display.o
    0x20000270        -       0x00000004   Zero   RW          748    .bss.font           lcd_display.o
    0x20000274        -       0x00000004   Zero   RW          751    .bss.orientation    lcd_display.o
    0x20000278        -       0x00000004   Zero   RW          615    .bss.ticks          time_delays.o
    0x2000027c   0x08004d44   0x00000004   PAD
    0x20000280        -       0x00000200   Zero   RW           25    HEAP                startup_stm32f401xe.o
    0x20000480        -       0x00000400   Zero   RW           24    STACK               startup_stm32f401xe.o


==============================================================================

Image component sizes


      Code (inc. data)   RO Data    RW Data    ZI Data      Debug   Object Name

       434          0          0          0          0       3083   clk_config.o
      2836          0          0          0        528      10284   lcd_display.o
      5548         18       2358          0          0      10470   main.o
        64         26        404          0       1536        912   startup_stm32f401xe.o
        24          0          0          0          0        946   stm32f4xx_it.o
        74          0          0          0          0       6630   stm32f4xx_ll_utils.o
       110          0          0          4          0       2655   system_stm32f4xx.o
       218          0          0          0          4       4533   time_delays.o

    ----------------------------------------------------------------------
      9414         44       2796          4       2076      39513   Object Totals
         0          0         32          0          0          0   (incl. Generated)
       106          0          2          0          8          0   (incl. Padding)

    ----------------------------------------------------------------------

      Code (inc. data)   RO Data    RW Data    ZI Data      Debug   Library Member Name

         8          0          0          0          0         68   __main.o
       392          4         17          0          0         92   __printf_flags_ss_wp.o
        14          0          0          0          0         68   __printf_wp.o
         0          0          0          0          0          0   __rtentry.o
        12          0          0          0          0          0   __rtentry2.o
         6          0          0          0          0          0   __rtentry4.o
        52          8          0          0          0          0   __scatter.o
        26          0          0          0          0          0   __scatter_copy.o
        28          0          0          0          0          0   __scatter_zi.o
        72          0          0          0          0         96   _c16rtomb.o
         6          0          0          0          0          0   _printf_a.o
         6          0          0          0          0          0   _printf_c.o
        44          0          0          0          0        108   _printf_char.o
        48          6          0          0          0         96   _printf_char_common.o
        40          0          0          0          0         68   _printf_charcount.o
         6          0          0          0          0          0   _printf_d.o
       120         16          0          0          0         92   _printf_dec.o
         6          0          0          0          0          0   _printf_e.o
         6          0          0          0          0          0   _printf_f.o
      1052          0          0          0          0        148   _printf_fp_dec.o
       764          8         38          0          0        100   _printf_fp_hex.o
       128         16          0          0          0         84   _printf_fp_infnan.o
         6          0          0          0          0          0   _printf_g.o
       148          4         40          0          0        160   _printf_hex_int_ll_ptr.o
         6          0          0          0          0          0   _printf_i.o
       178          0          0          0          0         88   _printf_intcommon.o
        10          0          0          0          0          0   _printf_l.o
         6          0          0          0          0          0   _printf_lc.o
        10          0          0          0          0          0   _printf_ll.o
         6          0          0          0          0          0   _printf_lld.o
         6          0          0          0          0          0   _printf_lli.o
         6          0          0          0          0          0   _printf_llo.o
         6          0          0          0          0          0   _printf_llu.o
         6          0          0          0          0          0   _printf_llx.o
       124         16          0          0          0         92   _printf_longlong_dec.o
         6          0          0          0          0          0   _printf_ls.o
         6          0          0          0          0          0   _printf_n.o
         6          0          0          0          0          0   _printf_o.o
       112          8          0          0          0        124   _printf_oct_int_ll.o
         6          0          0          0          0          0   _printf_p.o
        78          0          0          0          0        108   _printf_pad.o
         0          0          0          0          0          0   _printf_percent.o
         4          0          0          0          0          0   _printf_percent_end.o
         6          0          0          0          0          0   _printf_s.o
        82          0          0          0          0         80   _printf_str.o
        36          0          0          0          0         84   _printf_truncate.o
         6          0          0          0          0          0   _printf_u.o
        44          0          0          0          0        108   _printf_wchar.o
       188          6          8          0          0         92   _printf_wctomb.o
         6          0          0          0          0          0   _printf_x.o
        10          0          0          0          0         68   _sputc.o
       228          4        148          0          0         96   bigflt0.o
      1936        128          0          0          0        668   btod.o
        18          0          0          0          0         80   exit.o
         6          0          0          0          0        152   heapauxi.o
         0          0          0          0          0          0   indicate_semi.o
        44         10        272          0          0         76   lc_ctype_c.o
        44         10         28          0          0         76   lc_numeric_c.o
         2          0          0          0          0          0   libinit.o
        34          0          0          0          0          0   libinit2.o
         2          0          0          0          0          0   libshutdown.o
         2          0          0          0          0          0   libshutdown2.o
         8          4          0          0         96         68   libspace.o
       138          0          0          0          0         80   lludiv10.o
        16          4          0          0          0         76   rt_ctype_table.o
         8          4          0          0          0         68   rt_locale_intlibspace.o
        68          0          0          0          0         68   rt_memclr.o
        78          0          0          0          0         80   rt_memclr_w.o
         2          0          0          0          0          0   rtexit.o
        10          0          0          0          0          0   rtexit2.o
        44          6          0          0          0         84   sprintf.o
       124          0          0          0          0         88   strcmpv7em.o
        62          0          0          0          0         76   strlen.o
        12          4          0          0          0         68   sys_exit.o
        74          0          0          0          0         80   sys_stackheap_outer.o
         2          0          0          0          0         68   use_no_semi.o
        26          0          0          0          0        116   fpinit.o
         4          0          0          0          0        116   printf1.o
         4          0          0          0          0        116   printf2.o
         0          0          0          0          0          0   usenofp.o
        48          0          0          0          0        124   fpclassify.o

    ----------------------------------------------------------------------
      7014        266        552          0         96       4548   Library Totals
        20          0          1          0          0          0   (incl. Padding)

    ----------------------------------------------------------------------

      Code (inc. data)   RO Data    RW Data    ZI Data      Debug   Library Name

      6912        266        551          0         96       4076   c_w.l
        34          0          0          0          0        348   fz_wm.l
        48          0          0          0          0        124   m_wm.l

    ----------------------------------------------------------------------
      7014        266        552          0         96       4548   Library Totals

    ----------------------------------------------------------------------

==============================================================================


      Code (inc. data)   RO Data    RW Data    ZI Data      Debug   

     16428        310       3348          4       2172      41557   Grand Totals
     16428        310       3348          4       2172      41557   ELF Image Totals
     16428        310       3348          4          0          0   ROM Totals

==============================================================================

    Total RO  Size (Code + RO Data)                19776 (  19.31kB)
    Total RW  Size (RW Data + ZI Data)              2176 (   2.12kB)
    Total ROM Size (Code + RO Data + RW Data)      19780 (  19.32kB)

==============================================================================

